Archive member included to satisfy reference by file (symbol)

C:/ST/STM32CubeIDE_1.13.1/STM32CubeIDE/plugins/com.st.stm32cube.ide.mcu.externaltools.gnu-tools-for-stm32.11.3.rel1.win32_1.1.0.202305231506/tools/bin/../lib/gcc/arm-none-eabi/11.3.1/../../../../arm-none-eabi/lib/thumb/v7-m/nofp\libc_nano.a(libc_a-exit.o)
                              C:/ST/STM32CubeIDE_1.13.1/STM32CubeIDE/plugins/com.st.stm32cube.ide.mcu.externaltools.gnu-tools-for-stm32.11.3.rel1.win32_1.1.0.202305231506/tools/bin/../lib/gcc/arm-none-eabi/11.3.1/../../../../arm-none-eabi/lib/thumb/v7-m/nofp/crt0.o (exit)
C:/ST/STM32CubeIDE_1.13.1/STM32CubeIDE/plugins/com.st.stm32cube.ide.mcu.externaltools.gnu-tools-for-stm32.11.3.rel1.win32_1.1.0.202305231506/tools/bin/../lib/gcc/arm-none-eabi/11.3.1/../../../../arm-none-eabi/lib/thumb/v7-m/nofp\libc_nano.a(libc_a-findfp.o)
                              C:/ST/STM32CubeIDE_1.13.1/STM32CubeIDE/plugins/com.st.stm32cube.ide.mcu.externaltools.gnu-tools-for-stm32.11.3.rel1.win32_1.1.0.202305231506/tools/bin/../lib/gcc/arm-none-eabi/11.3.1/../../../../arm-none-eabi/lib/thumb/v7-m/nofp\libc_nano.a(libc_a-exit.o) (__stdio_exit_handler)
C:/ST/STM32CubeIDE_1.13.1/STM32CubeIDE/plugins/com.st.stm32cube.ide.mcu.externaltools.gnu-tools-for-stm32.11.3.rel1.win32_1.1.0.202305231506/tools/bin/../lib/gcc/arm-none-eabi/11.3.1/../../../../arm-none-eabi/lib/thumb/v7-m/nofp\libc_nano.a(libc_a-fwalk.o)
                              C:/ST/STM32CubeIDE_1.13.1/STM32CubeIDE/plugins/com.st.stm32cube.ide.mcu.externaltools.gnu-tools-for-stm32.11.3.rel1.win32_1.1.0.202305231506/tools/bin/../lib/gcc/arm-none-eabi/11.3.1/../../../../arm-none-eabi/lib/thumb/v7-m/nofp\libc_nano.a(libc_a-findfp.o) (_fwalk_sglue)
C:/ST/STM32CubeIDE_1.13.1/STM32CubeIDE/plugins/com.st.stm32cube.ide.mcu.externaltools.gnu-tools-for-stm32.11.3.rel1.win32_1.1.0.202305231506/tools/bin/../lib/gcc/arm-none-eabi/11.3.1/../../../../arm-none-eabi/lib/thumb/v7-m/nofp\libc_nano.a(libc_a-stdio.o)
                              C:/ST/STM32CubeIDE_1.13.1/STM32CubeIDE/plugins/com.st.stm32cube.ide.mcu.externaltools.gnu-tools-for-stm32.11.3.rel1.win32_1.1.0.202305231506/tools/bin/../lib/gcc/arm-none-eabi/11.3.1/../../../../arm-none-eabi/lib/thumb/v7-m/nofp\libc_nano.a(libc_a-findfp.o) (__sread)
C:/ST/STM32CubeIDE_1.13.1/STM32CubeIDE/plugins/com.st.stm32cube.ide.mcu.externaltools.gnu-tools-for-stm32.11.3.rel1.win32_1.1.0.202305231506/tools/bin/../lib/gcc/arm-none-eabi/11.3.1/../../../../arm-none-eabi/lib/thumb/v7-m/nofp\libc_nano.a(libc_a-memset.o)
                              C:/ST/STM32CubeIDE_1.13.1/STM32CubeIDE/plugins/com.st.stm32cube.ide.mcu.externaltools.gnu-tools-for-stm32.11.3.rel1.win32_1.1.0.202305231506/tools/bin/../lib/gcc/arm-none-eabi/11.3.1/../../../../arm-none-eabi/lib/thumb/v7-m/nofp/crt0.o (memset)
C:/ST/STM32CubeIDE_1.13.1/STM32CubeIDE/plugins/com.st.stm32cube.ide.mcu.externaltools.gnu-tools-for-stm32.11.3.rel1.win32_1.1.0.202305231506/tools/bin/../lib/gcc/arm-none-eabi/11.3.1/../../../../arm-none-eabi/lib/thumb/v7-m/nofp\libc_nano.a(libc_a-closer.o)
                              C:/ST/STM32CubeIDE_1.13.1/STM32CubeIDE/plugins/com.st.stm32cube.ide.mcu.externaltools.gnu-tools-for-stm32.11.3.rel1.win32_1.1.0.202305231506/tools/bin/../lib/gcc/arm-none-eabi/11.3.1/../../../../arm-none-eabi/lib/thumb/v7-m/nofp\libc_nano.a(libc_a-stdio.o) (_close_r)
C:/ST/STM32CubeIDE_1.13.1/STM32CubeIDE/plugins/com.st.stm32cube.ide.mcu.externaltools.gnu-tools-for-stm32.11.3.rel1.win32_1.1.0.202305231506/tools/bin/../lib/gcc/arm-none-eabi/11.3.1/../../../../arm-none-eabi/lib/thumb/v7-m/nofp\libc_nano.a(libc_a-reent.o)
                              C:/ST/STM32CubeIDE_1.13.1/STM32CubeIDE/plugins/com.st.stm32cube.ide.mcu.externaltools.gnu-tools-for-stm32.11.3.rel1.win32_1.1.0.202305231506/tools/bin/../lib/gcc/arm-none-eabi/11.3.1/../../../../arm-none-eabi/lib/thumb/v7-m/nofp\libc_nano.a(libc_a-closer.o) (errno)
C:/ST/STM32CubeIDE_1.13.1/STM32CubeIDE/plugins/com.st.stm32cube.ide.mcu.externaltools.gnu-tools-for-stm32.11.3.rel1.win32_1.1.0.202305231506/tools/bin/../lib/gcc/arm-none-eabi/11.3.1/../../../../arm-none-eabi/lib/thumb/v7-m/nofp\libc_nano.a(libc_a-impure.o)
                              C:/ST/STM32CubeIDE_1.13.1/STM32CubeIDE/plugins/com.st.stm32cube.ide.mcu.externaltools.gnu-tools-for-stm32.11.3.rel1.win32_1.1.0.202305231506/tools/bin/../lib/gcc/arm-none-eabi/11.3.1/../../../../arm-none-eabi/lib/thumb/v7-m/nofp\libc_nano.a(libc_a-reent.o) (_impure_ptr)
C:/ST/STM32CubeIDE_1.13.1/STM32CubeIDE/plugins/com.st.stm32cube.ide.mcu.externaltools.gnu-tools-for-stm32.11.3.rel1.win32_1.1.0.202305231506/tools/bin/../lib/gcc/arm-none-eabi/11.3.1/../../../../arm-none-eabi/lib/thumb/v7-m/nofp\libc_nano.a(libc_a-lseekr.o)
[...]
Memory Configuration

Name             Origin             Length             Attributes
RAM              0x0000000020000000 0x0000000000005000 xrw
FLASH            0x0000000008000000 0x0000000000010000 xr
*default*        0x0000000000000000 0xffffffffffffffff

Linker script and memory map

LOAD C:/ST/STM32CubeIDE_1.13.1/STM32CubeIDE/plugins/com.st.stm32cube.ide.mcu.externaltools.gnu-tools-for-stm32.11.3.rel1.win32_1.1.0.202305231506/tools/bin/../lib/gcc/arm-none-eabi/11.3.1/thumb/v7-m/nofp/crti.o
LOAD C:/ST/STM32CubeIDE_1.13.1/STM32CubeIDE/plugins/com.st.stm32cube.ide.mcu.externaltools.gnu-tools-for-stm32.11.3.rel1.win32_1.1.0.202305231506/tools/bin/../lib/gcc/arm-none-eabi/11.3.1/thumb/v7-m/nofp/crtbegin.o
LOAD C:/ST/STM32CubeIDE_1.13.1/STM32CubeIDE/plugins/com.st.stm32cube.ide.mcu.externaltools.gnu-tools-for-stm32.11.3.rel1.win32_1.1.0.202305231506/tools/bin/../lib/gcc/arm-none-eabi/11.3.1/../../../../arm-none-eabi/lib/thumb/v7-m/nofp/crt0.o
LOAD ./Src/GPIO_Prog.o
LOAD ./Src/RCC_Prog.o
LOAD ./Src/croutine.o
LOAD ./Src/event_groups.o
LOAD ./Src/heap_4.o
LOAD ./Src/list.o
LOAD ./Src/main.o
LOAD ./Src/port.o
LOAD ./Src/queue.o
LOAD ./Src/stream_buffer.o
LOAD ./Src/syscalls.o
LOAD ./Src/sysmem.o
LOAD ./Src/tasks.o
LOAD ./Src/timers.o
LOAD ./Startup/startup_stm32f103c8tx.o
START GROUP
LOAD C:/ST/STM32CubeIDE_1.13.1/STM32CubeIDE/plugins/com.st.stm32cube.ide.mcu.externaltools.gnu-tools-for-stm32.11.3.rel1.win32_1.1.0.202305231506/tools/bin/../lib/gcc/arm-none-eabi/11.3.1/../../../../arm-none-eabi/lib/thumb/v7-m/nofp\libc_nano.a
LOAD C:/ST/STM32CubeIDE_1.13.1/STM32CubeIDE/plugins/com.st.stm32cube.ide.mcu.externaltools.gnu-tools-for-stm32.11.3.rel1.win32_1.1.0.202305231506/tools/bin/../lib/gcc/arm-none-eabi/11.3.1/../../../../arm-none-eabi/lib/thumb/v7-m/nofp\libm.a
END GROUP
START GROUP
LOAD C:/ST/STM32CubeIDE_1.13.1/STM32CubeIDE/plugins/com.st.stm32cube.ide.mcu.externaltools.gnu-tools-for-stm32.11.3.rel1.win32_1.1.0.202305231506/tools/bin/../lib/gcc/arm-none-eabi/11.3.1/thumb/v7-m/nofp\libgcc.a
LOAD C:/ST/STM32CubeIDE_1.13.1/STM32CubeIDE/plugins/com.st.stm32cube.ide.mcu.externaltools.gnu-tools-for-stm32.11.3.rel1.win32_1.1.0.202305231506/tools/bin/../lib/gcc/arm-none-eabi/11.3.1/../../../../arm-none-eabi/lib/thumb/v7-m/nofp\libc_nano.a
END GROUP
START GROUP
LOAD C:/ST/STM32CubeIDE_1.13.1/STM32CubeIDE/plugins/com.st.stm32cube.ide.mcu.externaltools.gnu-tools-for-stm32.11.3.rel1.win32_1.1.0.202305231506/tools/bin/../lib/gcc/arm-none-eabi/11.3.1/thumb/v7-m/nofp\libgcc.a
LOAD C:/ST/STM32CubeIDE_1.13.1/STM32CubeIDE/plugins/com.st.stm32cube.ide.mcu.externaltools.gnu-tools-for-stm32.11.3.rel1.win32_1.1.0.202305231506/tools/bin/../lib/gcc/arm-none-eabi/11.3.1/../../../../arm-none-eabi/lib/thumb/v7-m/nofp\libc_nano.a
LOAD C:/ST/STM32CubeIDE_1.13.1/STM32CubeIDE/plugins/com.st.stm32cube.ide.mcu.externaltools.gnu-tools-for-stm32.11.3.rel1.win32_1.1.0.202305231506/tools/bin/../lib/gcc/arm-none-eabi/11.3.1/../../../../arm-none-eabi/lib/thumb/v7-m/nofp\libnosys.a
END GROUP
START GROUP
LOAD C:/ST/STM32CubeIDE_1.13.1/STM32CubeIDE/plugins/com.st.stm32cube.ide.mcu.externaltools.gnu-tools-for-stm32.11.3.rel1.win32_1.1.0.202305231506/tools/bin/../lib/gcc/arm-none-eabi/11.3.1/thumb/v7-m/nofp\libgcc.a
LOAD C:/ST/STM32CubeIDE_1.13.1/STM32CubeIDE/plugins/com.st.stm32cube.ide.mcu.externaltools.gnu-tools-for-stm32.11.3.rel1.win32_1.1.0.202305231506/tools/bin/../lib/gcc/arm-none-eabi/11.3.1/../../../../arm-none-eabi/lib/thumb/v7-m/nofp\libc_nano.a
LOAD C:/ST/STM32CubeIDE_1.13.1/STM32CubeIDE/plugins/com.st.stm32cube.ide.mcu.externaltools.gnu-tools-for-stm32.11.3.rel1.win32_1.1.0.202305231506/tools/bin/../lib/gcc/arm-none-eabi/11.3.1/../../../../arm-none-eabi/lib/thumb/v7-m/nofp\libnosys.a
END GROUP
LOAD C:/ST/STM32CubeIDE_1.13.1/STM32CubeIDE/plugins/com.st.stm32cube.ide.mcu.externaltools.gnu-tools-for-stm32.11.3.rel1.win32_1.1.0.202305231506/tools/bin/../lib/gcc/arm-none-eabi/11.3.1/thumb/v7-m/nofp/crtend.o
LOAD C:/ST/STM32CubeIDE_1.13.1/STM32CubeIDE/plugins/com.st.stm32cube.ide.mcu.externaltools.gnu-tools-for-stm32.11.3.rel1.win32_1.1.0.202305231506/tools/bin/../lib/gcc/arm-none-eabi/11.3.1/thumb/v7-m/nofp/crtn.o
                0x0000000020005000                _estack = (ORIGIN (RAM) + LENGTH (RAM))
                0x0000000000000200                _Min_Heap_Size = 0x200
                0x0000000000000400                _Min_Stack_Size = 0x400

.isr_vector     0x0000000008000000      0x130
                0x0000000008000000                . = ALIGN (0x4)
 *(.isr_vector)
 .isr_vector    0x0000000008000000      0x130 ./Startup/startup_stm32f103c8tx.o
                0x0000000008000000                g_pfnVectors
                0x0000000008000130                . = ALIGN (0x4)

.text           0x0000000008000130     0x10b4
                0x0000000008000130                . = ALIGN (0x4)
 *(.text)
 .text          0x0000000008000130       0x40 C:/ST/STM32CubeIDE_1.13.1/STM32CubeIDE/plugins/com.st.stm32cube.ide.mcu.externaltools.gnu-tools-for-stm32.11.3.rel1.win32_1.1.0.202305231506/tools/bin/../lib/gcc/arm-none-eabi/11.3.1/thumb/v7-m/nofp/crtbegin.o
 *(.text*)
 .text.GPIO_enuSetPinMode
                0x0000000008000170       0x78 ./Src/GPIO_Prog.o
                0x0000000008000170                GPIO_enuSetPinMode
 .text.GPIO_enuGetPinValue
                0x00000000080001e8       0x28 ./Src/GPIO_Prog.o
                0x00000000080001e8                GPIO_enuGetPinValue
 .text.GPIO_enuTogglePin
                0x0000000008000210       0x24 ./Src/GPIO_Prog.o
                0x0000000008000210                GPIO_enuTogglePin
 .text.RCC_voidSelectClock
                0x0000000008000234       0x64 ./Src/RCC_Prog.o
                0x0000000008000234                RCC_voidSelectClock
 .text.RCC_voidEnablePeriphralCLK
                0x0000000008000298       0x38 ./Src/RCC_Prog.o
                0x0000000008000298                RCC_voidEnablePeriphralCLK
 .text.prvInsertBlockIntoFreeList
                0x00000000080002d0       0x4c ./Src/heap_4.o
 .text.pvPortMalloc
                0x000000000800031c      0x108 ./Src/heap_4.o
                0x000000000800031c                pvPortMalloc
 .text.vPortFree
                0x0000000008000424       0x58 ./Src/heap_4.o
                0x0000000008000424                vPortFree
 .text.vListInitialise
                0x000000000800047c       0x16 ./Src/list.o
                0x000000000800047c                vListInitialise
 .text.vListInitialiseItem
                0x0000000008000492        0x6 ./Src/list.o
                0x0000000008000492                vListInitialiseItem
 .text.vListInsert
                0x0000000008000498       0x2e ./Src/list.o
                0x0000000008000498                vListInsert
 .text.uxListRemove
                0x00000000080004c6       0x20 ./Src/list.o
                0x00000000080004c6                uxListRemove
 *fill*         0x00000000080004e6        0x2 
 .text.Task1    0x00000000080004e8       0x44 ./Src/main.o
                0x00000000080004e8                Task1
 .text.Task2    0x000000000800052c       0x24 ./Src/main.o
                0x000000000800052c                Task2
 .text.startup.main
                0x0000000008000550       0x68 ./Src/main.o
                0x0000000008000550                main
 .text.prvTaskExitError
                0x00000000080005b8       0x20 ./Src/port.o
 .text.prvPortStartFirstTask
                0x00000000080005d8       0x20 ./Src/port.o
 .text.pxPortInitialiseStack
                0x00000000080005f8       0x24 ./Src/port.o
                0x00000000080005f8                pxPortInitialiseStack
 *fill*         0x000000000800061c        0x4 
 .text.SVC_Handler
                0x0000000008000620       0x24 ./Src/port.o
                0x0000000008000620                SVC_Handler
 .text.vPortEnterCritical
                0x0000000008000644       0x20 ./Src/port.o
                0x0000000008000644                vPortEnterCritical
 .text.vPortExitCritical
                0x0000000008000664       0x14 ./Src/port.o
                0x0000000008000664                vPortExitCritical
 *fill*         0x0000000008000678        0x8 
 .text.PendSV_Handler
                0x0000000008000680       0x44 ./Src/port.o
                0x0000000008000680                PendSV_Handler
 .text.SysTick_Handler
                0x00000000080006c4       0x2c ./Src/port.o
                0x00000000080006c4                SysTick_Handler
 .text.vPortSetupTimerInterrupt
                0x00000000080006f0       0x18 ./Src/port.o
                0x00000000080006f0                vPortSetupTimerInterrupt
 .text.xPortStartScheduler
                0x0000000008000708       0x3c ./Src/port.o
                0x0000000008000708                xPortStartScheduler
 .text.prvIsQueueEmpty
                0x0000000008000744       0x16 ./Src/queue.o
 .text.prvUnlockQueue
                0x000000000800075a       0x70 ./Src/queue.o
 .text.xQueueGenericReset
                0x00000000080007ca       0x7a ./Src/queue.o
                0x00000000080007ca                xQueueGenericReset
 .text.xQueueGenericCreate
                0x0000000008000844       0x44 ./Src/queue.o
                0x0000000008000844                xQueueGenericCreate
 .text.xQueueSemaphoreTake
                0x0000000008000888       0xe2 ./Src/queue.o
                0x0000000008000888                xQueueSemaphoreTake
 *fill*         0x000000000800096a        0x2 
 .text.prvAddCurrentTaskToDelayedList
                0x000000000800096c       0xa4 ./Src/tasks.o
 .text.prvResetNextTaskUnblockTime
                0x0000000008000a10       0x24 ./Src/tasks.o
 .text.prvIdleTask
                0x0000000008000a34       0x68 ./Src/tasks.o
 .text.xTaskCreate
                0x0000000008000a9c      0x1b8 ./Src/tasks.o
                0x0000000008000a9c                xTaskCreate
 .text.vTaskStartScheduler
                0x0000000008000c54       0x64 ./Src/tasks.o
                0x0000000008000c54                vTaskStartScheduler
 .text.vTaskSuspendAll
                0x0000000008000cb8       0x10 ./Src/tasks.o
                0x0000000008000cb8                vTaskSuspendAll
 .text.xTaskIncrementTick
                0x0000000008000cc8      0x160 ./Src/tasks.o
                0x0000000008000cc8                xTaskIncrementTick
 .text.xTaskResumeAll
                0x0000000008000e28      0x128 ./Src/tasks.o
                0x0000000008000e28                xTaskResumeAll
 .text.vTaskDelay
                0x0000000008000f50       0x2e ./Src/tasks.o
                0x0000000008000f50                vTaskDelay
 *fill*         0x0000000008000f7e        0x2 
 .text.vTaskSwitchContext
                0x0000000008000f80       0x60 ./Src/tasks.o
                0x0000000008000f80                vTaskSwitchContext
 .text.vTaskPlaceOnEventList
                0x0000000008000fe0       0x20 ./Src/tasks.o
                0x0000000008000fe0                vTaskPlaceOnEventList
 .text.xTaskRemoveFromEventList
                0x0000000008001000       0xbc ./Src/tasks.o
                0x0000000008001000                xTaskRemoveFromEventList
 .text.vTaskInternalSetTimeOutState
                0x00000000080010bc       0x18 ./Src/tasks.o
                0x00000000080010bc                vTaskInternalSetTimeOutState
 .text.xTaskCheckForTimeOut
                0x00000000080010d4       0x50 ./Src/tasks.o
                0x00000000080010d4                xTaskCheckForTimeOut
 .text.vTaskMissedYield
                0x0000000008001124        0xc ./Src/tasks.o
                0x0000000008001124                vTaskMissedYield
 .text.Reset_Handler
                0x0000000008001130       0x50 ./Startup/startup_stm32f103c8tx.o
                0x0000000008001130                Reset_Handler
 .text.Default_Handler
                0x0000000008001180        0x2 ./Startup/startup_stm32f103c8tx.o
                0x0000000008001180                EXTI2_IRQHandler
                0x0000000008001180                TIM8_TRG_COM_IRQHandler
                0x0000000008001180                TIM8_CC_IRQHandler
                0x0000000008001180                DebugMon_Handler
                0x0000000008001180                TIM1_CC_IRQHandler
                0x0000000008001180                HardFault_Handler
                0x0000000008001180                TIM6_IRQHandler
                0x0000000008001180                PVD_IRQHandler
                0x0000000008001180                SDIO_IRQHandler
                0x0000000008001180                NMI_Handler
                0x0000000008001180                EXTI3_IRQHandler
                0x0000000008001180                USB_HP_CAN_TX_IRQHandler
                0x0000000008001180                EXTI0_IRQHandler
                0x0000000008001180                I2C2_EV_IRQHandler
                0x0000000008001180                UsageFault_Handler
                0x0000000008001180                ADC1_2_IRQHandler
                0x0000000008001180                SPI1_IRQHandler
                0x0000000008001180                CAN_SCE_IRQHandler
                0x0000000008001180                TAMPER_IRQHandler
                0x0000000008001180                TIM8_UP_IRQHandler
                0x0000000008001180                DMA2_Channel2_IRQHandler
                0x0000000008001180                DMA1_Channel4_IRQHandler
                0x0000000008001180                USART3_IRQHandler
                0x0000000008001180                RTC_IRQHandler
                0x0000000008001180                DMA1_Channel7_IRQHandler
                0x0000000008001180                UART5_IRQHandler
                0x0000000008001180                ADC3_IRQHandler
                0x0000000008001180                TIM4_IRQHandler
                0x0000000008001180                CAN_RX1_IRQHandler
                0x0000000008001180                DMA2_Channel1_IRQHandler
                0x0000000008001180                I2C1_EV_IRQHandler
                0x0000000008001180                DMA1_Channel6_IRQHandler
                0x0000000008001180                UART4_IRQHandler
                0x0000000008001180                TIM3_IRQHandler
                0x0000000008001180                RCC_IRQHandler
                0x0000000008001180                TIM1_TRG_COM_IRQHandler
                0x0000000008001180                DMA1_Channel1_IRQHandler
                0x0000000008001180                Default_Handler
                0x0000000008001180                EXTI15_10_IRQHandler
                0x0000000008001180                TIM7_IRQHandler
                0x0000000008001180                TIM5_IRQHandler
                0x0000000008001180                EXTI9_5_IRQHandler
                0x0000000008001180                SPI2_IRQHandler
                0x0000000008001180                USB_LP_CAN_RX0_IRQHandler
                0x0000000008001180                MemManage_Handler
                0x0000000008001180                DMA1_Channel5_IRQHandler
                0x0000000008001180                EXTI4_IRQHandler
                0x0000000008001180                DMA1_Channel3_IRQHandler
                0x0000000008001180                FSMC_IRQHandler
                0x0000000008001180                TIM1_UP_IRQHandler
                0x0000000008001180                WWDG_IRQHandler
                0x0000000008001180                TIM2_IRQHandler
                0x0000000008001180                TIM1_BRK_IRQHandler
                0x0000000008001180                EXTI1_IRQHandler
                0x0000000008001180                RTCAlarm_IRQHandler
                0x0000000008001180                DMA2_Channel4_5_IRQHandler
                0x0000000008001180                USART2_IRQHandler
                0x0000000008001180                I2C2_ER_IRQHandler
                0x0000000008001180                DMA1_Channel2_IRQHandler
                0x0000000008001180                TIM8_BRK_IRQHandler
                0x0000000008001180                FLASH_IRQHandler
                0x0000000008001180                BusFault_Handler
                0x0000000008001180                USART1_IRQHandler
                0x0000000008001180                SPI3_IRQHandler
                0x0000000008001180                I2C1_ER_IRQHandler
                0x0000000008001180                DMA2_Channel3_IRQHandler
 *fill*         0x0000000008001182        0x2 
 .text.__libc_init_array
                0x0000000008001184       0x48 C:/ST/STM32CubeIDE_1.13.1/STM32CubeIDE/plugins/com.st.stm32cube.ide.mcu.externaltools.gnu-tools-for-stm32.11.3.rel1.win32_1.1.0.202305231506/tools/bin/../lib/gcc/arm-none-eabi/11.3.1/../../../../arm-none-eabi/lib/thumb/v7-m/nofp\libc_nano.a(libc_a-init.o)
                0x0000000008001184                __libc_init_array
 *(.glue_7)
 .glue_7        0x00000000080011cc        0x0 linker stubs
 *(.glue_7t)
 .glue_7t       0x00000000080011cc        0x0 linker stubs
 *(.eh_frame)
 .eh_frame      0x00000000080011cc        0x0 C:/ST/STM32CubeIDE_1.13.1/STM32CubeIDE/plugins/com.st.stm32cube.ide.mcu.externaltools.gnu-tools-for-stm32.11.3.rel1.win32_1.1.0.202305231506/tools/bin/../lib/gcc/arm-none-eabi/11.3.1/thumb/v7-m/nofp/crtbegin.o
 *(.init)
 .init          0x00000000080011cc        0x4 C:/ST/STM32CubeIDE_1.13.1/STM32CubeIDE/plugins/com.st.stm32cube.ide.mcu.externaltools.gnu-tools-for-stm32.11.3.rel1.win32_1.1.0.202305231506/tools/bin/../lib/gcc/arm-none-eabi/11.3.1/thumb/v7-m/nofp/crti.o
                0x00000000080011cc                _init
 .init          0x00000000080011d0        0x8 C:/ST/STM32CubeIDE_1.13.1/STM32CubeIDE/plugins/com.st.stm32cube.ide.mcu.externaltools.gnu-tools-for-stm32.11.3.rel1.win32_1.1.0.202305231506/tools/bin/../lib/gcc/arm-none-eabi/11.3.1/thumb/v7-m/nofp/crtn.o
 *(.fini)
 .fini          0x00000000080011d8        0x4 C:/ST/STM32CubeIDE_1.13.1/STM32CubeIDE/plugins/com.st.stm32cube.ide.mcu.externaltools.gnu-tools-for-stm32.11.3.rel1.win32_1.1.0.202305231506/tools/bin/../lib/gcc/arm-none-eabi/11.3.1/thumb/v7-m/nofp/crti.o
                0x00000000080011d8                _fini
 .fini          0x00000000080011dc        0x8 C:/ST/STM32CubeIDE_1.13.1/STM32CubeIDE/plugins/com.st.stm32cube.ide.mcu.externaltools.gnu-tools-for-stm32.11.3.rel1.win32_1.1.0.202305231506/tools/bin/../lib/gcc/arm-none-eabi/11.3.1/thumb/v7-m/nofp/crtn.o
                0x00000000080011e4                . = ALIGN (0x4)
                0x00000000080011e4                _etext = .

.vfp11_veneer   0x00000000080011e4        0x0
 .vfp11_veneer  0x00000000080011e4        0x0 linker stubs

.v4_bx          0x00000000080011e4        0x0
 .v4_bx         0x00000000080011e4        0x0 linker stubs

.iplt           0x00000000080011e4        0x0
 .iplt          0x00000000080011e4        0x0 C:/ST/STM32CubeIDE_1.13.1/STM32CubeIDE/plugins/com.st.stm32cube.ide.mcu.externaltools.gnu-tools-for-stm32.11.3.rel1.win32_1.1.0.202305231506/tools/bin/../lib/gcc/arm-none-eabi/11.3.1/thumb/v7-m/nofp/crtbegin.o

.rodata         0x00000000080011e4       0x14
                0x00000000080011e4                . = ALIGN (0x4)
 *(.rodata)
 *(.rodata*)
 .rodata.GPIO_APS
                0x00000000080011e4        0xc ./Src/GPIO_Prog.o
 .rodata.vTaskStartScheduler.str1.1
                0x00000000080011f0        0x5 ./Src/tasks.o
                0x00000000080011f8                . = ALIGN (0x4)
 *fill*         0x00000000080011f5        0x3 

.rel.dyn        0x00000000080011f8        0x0
 .rel.iplt      0x00000000080011f8        0x0 C:/ST/STM32CubeIDE_1.13.1/STM32CubeIDE/plugins/com.st.stm32cube.ide.mcu.externaltools.gnu-tools-for-stm32.11.3.rel1.win32_1.1.0.202305231506/tools/bin/../lib/gcc/arm-none-eabi/11.3.1/thumb/v7-m/nofp/crtbegin.o

.ARM.extab      0x00000000080011f8        0x0
                0x00000000080011f8                . = ALIGN (0x4)
 *(.ARM.extab* .gnu.linkonce.armextab.*)
                0x00000000080011f8                . = ALIGN (0x4)

.ARM            0x00000000080011f8        0x0
                0x00000000080011f8                . = ALIGN (0x4)
                0x00000000080011f8                __exidx_start = .
 *(.ARM.exidx*)
                0x00000000080011f8                __exidx_end = .
                0x00000000080011f8                . = ALIGN (0x4)

.preinit_array  0x00000000080011f8        0x0
                0x00000000080011f8                . = ALIGN (0x4)
                0x00000000080011f8                PROVIDE (__preinit_array_start = .)
 *(.preinit_array*)
                0x00000000080011f8                PROVIDE (__preinit_array_end = .)
                0x00000000080011f8                . = ALIGN (0x4)

.init_array     0x00000000080011f8        0x4
                0x00000000080011f8                . = ALIGN (0x4)
                0x00000000080011f8                PROVIDE (__init_array_start = .)
 *(SORT_BY_NAME(.init_array.*))
 *(.init_array*)
 .init_array    0x00000000080011f8        0x4 C:/ST/STM32CubeIDE_1.13.1/STM32CubeIDE/plugins/com.st.stm32cube.ide.mcu.externaltools.gnu-tools-for-stm32.11.3.rel1.win32_1.1.0.202305231506/tools/bin/../lib/gcc/arm-none-eabi/11.3.1/thumb/v7-m/nofp/crtbegin.o
                0x00000000080011fc                PROVIDE (__init_array_end = .)
                0x00000000080011fc                . = ALIGN (0x4)

.fini_array     0x00000000080011fc        0x4
                0x00000000080011fc                . = ALIGN (0x4)
                [!provide]                        PROVIDE (__fini_array_start = .)
 *(SORT_BY_NAME(.fini_array.*))
 *(.fini_array*)
 .fini_array    0x00000000080011fc        0x4 C:/ST/STM32CubeIDE_1.13.1/STM32CubeIDE/plugins/com.st.stm32cube.ide.mcu.externaltools.gnu-tools-for-stm32.11.3.rel1.win32_1.1.0.202305231506/tools/bin/../lib/gcc/arm-none-eabi/11.3.1/thumb/v7-m/nofp/crtbegin.o
                [!provide]                        PROVIDE (__fini_array_end = .)
                0x0000000008001200                . = ALIGN (0x4)
                0x0000000008001200                _sidata = LOADADDR (.data)

.data           0x0000000020000000       0x10 load address 0x0000000008001200
                0x0000000020000000                . = ALIGN (0x4)
                0x0000000020000000                _sdata = .
 *(.data)
 *(.data*)
 .data.App1_PORTA
                0x0000000020000000        0x3 ./Src/main.o
                0x0000000020000000                App1_PORTA
 .data.App_PORTA
                0x0000000020000003        0x3 ./Src/main.o
                0x0000000020000003                App_PORTA
 *fill*         0x0000000020000006        0x2 
 .data.uxCriticalNesting
                0x0000000020000008        0x4 ./Src/port.o
 .data.uxTopUsedPriority
                0x000000002000000c        0x4 ./Src/tasks.o
                0x000000002000000c                uxTopUsedPriority
 *(.RamFunc)
 *(.RamFunc*)
                0x0000000020000010                . = ALIGN (0x4)
                0x0000000020000010                _edata = .

.igot.plt       0x0000000020000010        0x0 load address 0x0000000008001210
 .igot.plt      0x0000000020000010        0x0 C:/ST/STM32CubeIDE_1.13.1/STM32CubeIDE/plugins/com.st.stm32cube.ide.mcu.externaltools.gnu-tools-for-stm32.11.3.rel1.win32_1.1.0.202305231506/tools/bin/../lib/gcc/arm-none-eabi/11.3.1/thumb/v7-m/nofp/crtbegin.o
                0x0000000020000010                . = ALIGN (0x4)

.bss            0x0000000020000010     0x2148 load address 0x0000000008001210
                0x0000000020000010                _sbss = .
                0x0000000020000010                __bss_start__ = _sbss
 *(.bss)
 .bss           0x0000000020000010       0x1c C:/ST/STM32CubeIDE_1.13.1/STM32CubeIDE/plugins/com.st.stm32cube.ide.mcu.externaltools.gnu-tools-for-stm32.11.3.rel1.win32_1.1.0.202305231506/tools/bin/../lib/gcc/arm-none-eabi/11.3.1/thumb/v7-m/nofp/crtbegin.o
 *(.bss*)
 .bss.pxEnd     0x000000002000002c        0x4 ./Src/heap_4.o
 .bss.ucHeap    0x0000000020000030     0x2000 ./Src/heap_4.o
 .bss.xBlockAllocatedBit
                0x0000000020002030        0x4 ./Src/heap_4.o
 .bss.xFreeBytesRemaining
                0x0000000020002034        0x4 ./Src/heap_4.o
 .bss.xMinimumEverFreeBytesRemaining
                0x0000000020002038        0x4 ./Src/heap_4.o
 .bss.xNumberOfSuccessfulAllocations
                0x000000002000203c        0x4 ./Src/heap_4.o
 .bss.xNumberOfSuccessfulFrees
                0x0000000020002040        0x4 ./Src/heap_4.o
 .bss.xStart    0x0000000020002044        0x8 ./Src/heap_4.o
 .bss.state     0x000000002000204c        0x1 ./Src/main.o
                0x000000002000204c                state
 *fill*         0x000000002000204d        0x3 
 .bss.xSemaphore
                0x0000000020002050        0x4 ./Src/main.o
                0x0000000020002050                xSemaphore
 .bss.pxCurrentTCB
                0x0000000020002054        0x4 ./Src/tasks.o
                0x0000000020002054                pxCurrentTCB
 .bss.pxDelayedTaskList
                0x0000000020002058        0x4 ./Src/tasks.o
 .bss.pxOverflowDelayedTaskList
                0x000000002000205c        0x4 ./Src/tasks.o
 .bss.pxReadyTasksLists
                0x0000000020002060       0x64 ./Src/tasks.o
 .bss.uxCurrentNumberOfTasks
                0x00000000200020c4        0x4 ./Src/tasks.o
 .bss.uxDeletedTasksWaitingCleanUp
                0x00000000200020c8        0x4 ./Src/tasks.o
 .bss.uxSchedulerSuspended
                0x00000000200020cc        0x4 ./Src/tasks.o
 .bss.uxTaskNumber
                0x00000000200020d0        0x4 ./Src/tasks.o
 .bss.uxTopReadyPriority
                0x00000000200020d4        0x4 ./Src/tasks.o
 .bss.xDelayedTaskList1
                0x00000000200020d8       0x14 ./Src/tasks.o
 .bss.xDelayedTaskList2
                0x00000000200020ec       0x14 ./Src/tasks.o
 .bss.xIdleTaskHandle
                0x0000000020002100        0x4 ./Src/tasks.o
 .bss.xNextTaskUnblockTime
                0x0000000020002104        0x4 ./Src/tasks.o
 .bss.xNumOfOverflows
                0x0000000020002108        0x4 ./Src/tasks.o
 .bss.xPendedTicks
                0x000000002000210c        0x4 ./Src/tasks.o
 .bss.xPendingReadyList
                0x0000000020002110       0x14 ./Src/tasks.o
 .bss.xSchedulerRunning
                0x0000000020002124        0x4 ./Src/tasks.o
 .bss.xSuspendedTaskList
                0x0000000020002128       0x14 ./Src/tasks.o
 .bss.xTasksWaitingTermination
                0x000000002000213c       0x14 ./Src/tasks.o
 .bss.xTickCount
                0x0000000020002150        0x4 ./Src/tasks.o
 .bss.xYieldPending
                0x0000000020002154        0x4 ./Src/tasks.o
 *(COMMON)
                0x0000000020002158                . = ALIGN (0x4)
                0x0000000020002158                _ebss = .
                0x0000000020002158                __bss_end__ = _ebss

._user_heap_stack
                0x0000000020002158      0x600 load address 0x0000000008001210
                0x0000000020002158                . = ALIGN (0x8)
                [!provide]                        PROVIDE (end = .)
                0x0000000020002158                PROVIDE (_end = .)
                0x0000000020002358                . = (. + _Min_Heap_Size)
 *fill*         0x0000000020002158      0x200 
                0x0000000020002758                . = (. + _Min_Stack_Size)
 *fill*         0x0000000020002358      0x400 
                0x0000000020002758                . = ALIGN (0x8)

/DISCARD/
 libc.a(*)
 libm.a(*)
 libgcc.a(*)

.ARM.attributes
                0x0000000000000000       0x29
 *(.ARM.attributes)
 .ARM.attributes
                0x0000000000000000       0x1d C:/ST/STM32CubeIDE_1.13.1/STM32CubeIDE/plugins/com.st.stm32cube.ide.mcu.externaltools.gnu-tools-for-stm32.11.3.rel1.win32_1.1.0.202305231506/tools/bin/../lib/gcc/arm-none-eabi/11.3.1/thumb/v7-m/nofp/crti.o
 .ARM.attributes
                0x000000000000001d       0x2d C:/ST/STM32CubeIDE_1.13.1/STM32CubeIDE/plugins/com.st.stm32cube.ide.mcu.externaltools.gnu-tools-for-stm32.11.3.rel1.win32_1.1.0.202305231506/tools/bin/../lib/gcc/arm-none-eabi/11.3.1/thumb/v7-m/nofp/crtbegin.o
 .ARM.attributes
                0x000000000000004a       0x2d ./Src/GPIO_Prog.o
 .ARM.attributes
                0x0000000000000077       0x2d ./Src/RCC_Prog.o
 .ARM.attributes
                0x00000000000000a4       0x2d ./Src/heap_4.o
 .ARM.attributes
                0x00000000000000d1       0x2d ./Src/list.o
 .ARM.attributes
                0x00000000000000fe       0x2d ./Src/main.o
 .ARM.attributes
                0x000000000000012b       0x2d ./Src/port.o
 .ARM.attributes
                0x0000000000000158       0x2d ./Src/queue.o
 .ARM.attributes
                0x0000000000000185       0x2d ./Src/tasks.o
 .ARM.attributes
                0x00000000000001b2       0x21 ./Startup/startup_stm32f103c8tx.o
 .ARM.attributes
                0x00000000000001d3       0x2d C:/ST/STM32CubeIDE_1.13.1/STM32CubeIDE/plugins/com.st.stm32cube.ide.mcu.externaltools.gnu-tools-for-stm32.11.3.rel1.win32_1.1.0.202305231506/tools/bin/../lib/gcc/arm-none-eabi/11.3.1/../../../../arm-none-eabi/lib/thumb/v7-m/nofp\libc_nano.a(libc_a-init.o)
 .ARM.attributes
                0x0000000000000200       0x1d C:/ST/STM32CubeIDE_1.13.1/STM32CubeIDE/plugins/com.st.stm32cube.ide.mcu.externaltools.gnu-tools-for-stm32.11.3.rel1.win32_1.1.0.202305231506/tools/bin/../lib/gcc/arm-none-eabi/11.3.1/thumb/v7-m/nofp/crtn.o
OUTPUT(RTOS.elf elf32-littlearm)
LOAD linker stubs
LOAD C:/ST/STM32CubeIDE_1.13.1/STM32CubeIDE/plugins/com.st.stm32cube.ide.mcu.externaltools.gnu-tools-for-stm32.11.3.rel1.win32_1.1.0.202305231506/tools/bin/../lib/gcc/arm-none-eabi/11.3.1/../../../../arm-none-eabi/lib/thumb/v7-m/nofp\libc.a
LOAD C:/ST/STM32CubeIDE_1.13.1/STM32CubeIDE/plugins/com.st.stm32cube.ide.mcu.externaltools.gnu-tools-for-stm32.11.3.rel1.win32_1.1.0.202305231506/tools/bin/../lib/gcc/arm-none-eabi/11.3.1/../../../../arm-none-eabi/lib/thumb/v7-m/nofp\libm.a
LOAD C:/ST/STM32CubeIDE_1.13.1/STM32CubeIDE/plugins/com.st.stm32cube.ide.mcu.externaltools.gnu-tools-for-stm32.11.3.rel1.win32_1.1.0.202305231506/tools/bin/../lib/gcc/arm-none-eabi/11.3.1/thumb/v7-m/nofp\libgcc.a

.comment        0x0000000000000000       0x43
 .comment       0x0000000000000000       0x43 C:/ST/STM32CubeIDE_1.13.1/STM32CubeIDE/plugins/com.st.stm32cube.ide.mcu.externaltools.gnu-tools-for-stm32.11.3.rel1.win32_1.1.0.202305231506/tools/bin/../lib/gcc/arm-none-eabi/11.3.1/thumb/v7-m/nofp/crtbegin.o
                                         0x44 (size before relaxing)
 .comment       0x0000000000000043       0x44 ./Src/GPIO_Prog.o
 .comment       0x0000000000000043       0x44 ./Src/RCC_Prog.o
 .comment       0x0000000000000043       0x44 ./Src/heap_4.o
 .comment       0x0000000000000043       0x44 ./Src/list.o
 .comment       0x0000000000000043       0x44 ./Src/main.o
 .comment       0x0000000000000043       0x44 ./Src/port.o
 .comment       0x0000000000000043       0x44 ./Src/queue.o
 .comment       0x0000000000000043       0x44 ./Src/tasks.o

.debug_frame    0x0000000000000000       0x2c
 .debug_frame   0x0000000000000000       0x2c C:/ST/STM32CubeIDE_1.13.1/STM32CubeIDE/plugins/com.st.stm32cube.ide.mcu.externaltools.gnu-tools-for-stm32.11.3.rel1.win32_1.1.0.202305231506/tools/bin/../lib/gcc/arm-none-eabi/11.3.1/../../../../arm-none-eabi/lib/thumb/v7-m/nofp\libc_nano.a(libc_a-init.o)
