Archive member included to satisfy reference by file (symbol)

C:/ST/STM32CubeIDE_1.13.1/STM32CubeIDE/plugins/com.st.stm32cube.ide.mcu.externaltools.gnu-tools-for-stm32.11.3.rel1.win32_1.1.0.202305231506/tools/bin/../lib/gcc/arm-none-eabi/11.3.1/../../../../arm-none-eabi/lib/thumb/v7-m/nofp\libc_nano.a(libc_a-exit.o)
                              C:/ST/STM32CubeIDE_1.13.1/STM32CubeIDE/plugins/com.st.stm32cube.ide.mcu.externaltools.gnu-tools-for-stm32.11.3.rel1.win32_1.1.0.202305231506/tools/bin/../lib/gcc/arm-none-eabi/11.3.1/../../../../arm-none-eabi/lib/thumb/v7-m/nofp/crt0.o (exit)
C:/ST/STM32CubeIDE_1.13.1/STM32CubeIDE/plugins/com.st.stm32cube.ide.mcu.externaltools.gnu-tools-for-stm32.11.3.rel1.win32_1.1.0.202305231506/tools/bin/../lib/gcc/arm-none-eabi/11.3.1/../../../../arm-none-eabi/lib/thumb/v7-m/nofp\libc_nano.a(libc_a-findfp.o)
                              C:/ST/STM32CubeIDE_1.13.1/STM32CubeIDE/plugins/com.st.stm32cube.ide.mcu.externaltools.gnu-tools-for-stm32.11.3.rel1.win32_1.1.0.202305231506/tools/bin/../lib/gcc/arm-none-eabi/11.3.1/../../../../arm-none-eabi/lib/thumb/v7-m/nofp\libc_nano.a(libc_a-exit.o) (__stdio_exit_handler)
C:/ST/STM32CubeIDE_1.13.1/STM32CubeIDE/plugins/com.st.stm32cube.ide.mcu.externaltools.gnu-tools-for-stm32.11.3.rel1.win32_1.1.0.202305231506/tools/bin/../lib/gcc/arm-none-eabi/11.3.1/../../../../arm-none-eabi/lib/thumb/v7-m/nofp\libc_nano.a(libc_a-fwalk.o)
                              C:/ST/STM32CubeIDE_1.13.1/STM32CubeIDE/plugins/com.st.stm32cube.ide.mcu.externaltools.gnu-tools-for-stm32.11.3.rel1.win32_1.1.0.202305231506/tools/bin/../lib/gcc/arm-none-eabi/11.3.1/../../../../arm-none-eabi/lib/thumb/v7-m/nofp\libc_nano.a(libc_a-findfp.o) (_fwalk_sglue)
C:/ST/STM32CubeIDE_1.13.1/STM32CubeIDE/plugins/com.st.stm32cube.ide.mcu.externaltools.gnu-tools-for-stm32.11.3.rel1.win32_1.1.0.202305231506/tools/bin/../lib/gcc/arm-none-eabi/11.3.1/../../../../arm-none-eabi/lib/thumb/v7-m/nofp\libc_nano.a(libc_a-stdio.o)
                              C:/ST/STM32CubeIDE_1.13.1/STM32CubeIDE/plugins/com.st.stm32cube.ide.mcu.externaltools.gnu-tools-for-stm32.11.3.rel1.win32_1.1.0.202305231506/tools/bin/../lib/gcc/arm-none-eabi/11.3.1/../../../../arm-none-eabi/lib/thumb/v7-m/nofp\libc_nano.a(libc_a-findfp.o) (__sread)
C:/ST/STM32CubeIDE_1.13.1/STM32CubeIDE/plugins/com.st.stm32cube.ide.mcu.externaltools.gnu-tools-for-stm32.11.3.rel1.win32_1.1.0.202305231506/tools/bin/../lib/gcc/arm-none-eabi/11.3.1/../../../../arm-none-eabi/lib/thumb/v7-m/nofp\libc_nano.a(libc_a-memset.o)
                              C:/ST/STM32CubeIDE_1.13.1/STM32CubeIDE/plugins/com.st.stm32cube.ide.mcu.externaltools.gnu-tools-for-stm32.11.3.rel1.win32_1.1.0.202305231506/tools/bin/../lib/gcc/arm-none-eabi/11.3.1/../../../../arm-none-eabi/lib/thumb/v7-m/nofp/crt0.o (memset)
C:/ST/STM32CubeIDE_1.13.1/STM32CubeIDE/plugins/com.st.stm32cube.ide.mcu.externaltools.gnu-tools-for-stm32.11.3.rel1.win32_1.1.0.202305231506/tools/bin/../lib/gcc/arm-none-eabi/11.3.1/../../../../arm-none-eabi/lib/thumb/v7-m/nofp\libc_nano.a(libc_a-closer.o)
                              C:/ST/STM32CubeIDE_1.13.1/STM32CubeIDE/plugins/com.st.stm32cube.ide.mcu.externaltools.gnu-tools-for-stm32.11.3.rel1.win32_1.1.0.202305231506/tools/bin/../lib/gcc/arm-none-eabi/11.3.1/../../../../arm-none-eabi/lib/thumb/v7-m/nofp\libc_nano.a(libc_a-stdio.o) (_close_r)
C:/ST/STM32CubeIDE_1.13.1/STM32CubeIDE/plugins/com.st.stm32cube.ide.mcu.externaltools.gnu-tools-for-stm32.11.3.rel1.win32_1.1.0.202305231506/tools/bin/../lib/gcc/arm-none-eabi/11.3.1/../../../../arm-none-eabi/lib/thumb/v7-m/nofp\libc_nano.a(libc_a-reent.o)
                              C:/ST/STM32CubeIDE_1.13.1/STM32CubeIDE/plugins/com.st.stm32cube.ide.mcu.externaltools.gnu-tools-for-stm32.11.3.rel1.win32_1.1.0.202305231506/tools/bin/../lib/gcc/arm-none-eabi/11.3.1/../../../../arm-none-eabi/lib/thumb/v7-m/nofp\libc_nano.a(libc_a-closer.o) (errno)
C:/ST/STM32CubeIDE_1.13.1/STM32CubeIDE/plugins/com.st.stm32cube.ide.mcu.externaltools.gnu-tools-for-stm32.11.3.rel1.win32_1.1.0.202305231506/tools/bin/../lib/gcc/arm-none-eabi/11.3.1/../../../../arm-none-eabi/lib/thumb/v7-m/nofp\libc_nano.a(libc_a-impure.o)
                              C:/ST/STM32CubeIDE_1.13.1/STM32CubeIDE/plugins/com.st.stm32cube.ide.mcu.externaltools.gnu-tools-for-stm32.11.3.rel1.win32_1.1.0.202305231506/tools/bin/../lib/gcc/arm-none-eabi/11.3.1/../../../../arm-none-eabi/lib/thumb/v7-m/nofp\libc_nano.a(libc_a-reent.o) (_impure_ptr)
C:/ST/STM32CubeIDE_1.13.1/STM32CubeIDE/plugins/com.st.stm32cube.ide.mcu.externaltools.gnu-tools-for-stm32.11.3.rel1.win32_1.1.0.202305231506/tools/bin/../lib/gcc/arm-none-eabi/11.3.1/../../../../arm-none-eabi/lib/thumb/v7-m/nofp\libc_nano.a(libc_a-lseekr.o)
[...]
Memory Configuration

Name             Origin             Length             Attributes
RAM              0x0000000020000000 0x0000000000005000 xrw
FLASH            0x0000000008000000 0x0000000000010000 xr
*default*        0x0000000000000000 0xffffffffffffffff

Linker script and memory map

LOAD C:/ST/STM32CubeIDE_1.13.1/STM32CubeIDE/plugins/com.st.stm32cube.ide.mcu.externaltools.gnu-tools-for-stm32.11.3.rel1.win32_1.1.0.202305231506/tools/bin/../lib/gcc/arm-none-eabi/11.3.1/thumb/v7-m/nofp/crti.o
LOAD C:/ST/STM32CubeIDE_1.13.1/STM32CubeIDE/plugins/com.st.stm32cube.ide.mcu.externaltools.gnu-tools-for-stm32.11.3.rel1.win32_1.1.0.202305231506/tools/bin/../lib/gcc/arm-none-eabi/11.3.1/thumb/v7-m/nofp/crtbegin.o
LOAD C:/ST/STM32CubeIDE_1.13.1/STM32CubeIDE/plugins/com.st.stm32cube.ide.mcu.externaltools.gnu-tools-for-stm32.11.3.rel1.win32_1.1.0.202305231506/tools/bin/../lib/gcc/arm-none-eabi/11.3.1/../../../../arm-none-eabi/lib/thumb/v7-m/nofp/crt0.o
LOAD ./Src/AUTOSAR_MCAL.o
LOAD ./Src/GPIO_Prog.o
LOAD ./Src/RCC_Prog.o
LOAD ./Src/Rte_SWC_DoorAlgo.o
LOAD ./Src/Rte_SWC_DoorSensorAbstraction.o
LOAD ./Src/SWC_DoorAlgo.o
LOAD ./Src/SWC_DoorSensorAbstraction.o
LOAD ./Src/croutine.o
LOAD ./Src/event_groups.o
LOAD ./Src/heap_4.o
LOAD ./Src/list.o
LOAD ./Src/main.o
LOAD ./Src/port.o
LOAD ./Src/queue.o
LOAD ./Src/stream_buffer.o
LOAD ./Src/syscalls.o
LOAD ./Src/sysmem.o
LOAD ./Src/tasks.o
LOAD ./Src/timers.o
LOAD ./Startup/startup_stm32f103c8tx.o
START GROUP
LOAD C:/ST/STM32CubeIDE_1.13.1/STM32CubeIDE/plugins/com.st.stm32cube.ide.mcu.externaltools.gnu-tools-for-stm32.11.3.rel1.win32_1.1.0.202305231506/tools/bin/../lib/gcc/arm-none-eabi/11.3.1/../../../../arm-none-eabi/lib/thumb/v7-m/nofp\libc_nano.a
LOAD C:/ST/STM32CubeIDE_1.13.1/STM32CubeIDE/plugins/com.st.stm32cube.ide.mcu.externaltools.gnu-tools-for-stm32.11.3.rel1.win32_1.1.0.202305231506/tools/bin/../lib/gcc/arm-none-eabi/11.3.1/../../../../arm-none-eabi/lib/thumb/v7-m/nofp\libm.a
END GROUP
START GROUP
LOAD C:/ST/STM32CubeIDE_1.13.1/STM32CubeIDE/plugins/com.st.stm32cube.ide.mcu.externaltools.gnu-tools-for-stm32.11.3.rel1.win32_1.1.0.202305231506/tools/bin/../lib/gcc/arm-none-eabi/11.3.1/thumb/v7-m/nofp\libgcc.a
LOAD C:/ST/STM32CubeIDE_1.13.1/STM32CubeIDE/plugins/com.st.stm32cube.ide.mcu.externaltools.gnu-tools-for-stm32.11.3.rel1.win32_1.1.0.202305231506/tools/bin/../lib/gcc/arm-none-eabi/11.3.1/../../../../arm-none-eabi/lib/thumb/v7-m/nofp\libc_nano.a
END GROUP
START GROUP
LOAD C:/ST/STM32CubeIDE_1.13.1/STM32CubeIDE/plugins/com.st.stm32cube.ide.mcu.externaltools.gnu-tools-for-stm32.11.3.rel1.win32_1.1.0.202305231506/tools/bin/../lib/gcc/arm-none-eabi/11.3.1/thumb/v7-m/nofp\libgcc.a
LOAD C:/ST/STM32CubeIDE_1.13.1/STM32CubeIDE/plugins/com.st.stm32cube.ide.mcu.externaltools.gnu-tools-for-stm32.11.3.rel1.win32_1.1.0.202305231506/tools/bin/../lib/gcc/arm-none-eabi/11.3.1/../../../../arm-none-eabi/lib/thumb/v7-m/nofp\libc_nano.a
LOAD C:/ST/STM32CubeIDE_1.13.1/STM32CubeIDE/plugins/com.st.stm32cube.ide.mcu.externaltools.gnu-tools-for-stm32.11.3.rel1.win32_1.1.0.202305231506/tools/bin/../lib/gcc/arm-none-eabi/11.3.1/../../../../arm-none-eabi/lib/thumb/v7-m/nofp\libnosys.a
END GROUP
START GROUP
LOAD C:/ST/STM32CubeIDE_1.13.1/STM32CubeIDE/plugins/com.st.stm32cube.ide.mcu.externaltools.gnu-tools-for-stm32.11.3.rel1.win32_1.1.0.202305231506/tools/bin/../lib/gcc/arm-none-eabi/11.3.1/thumb/v7-m/nofp\libgcc.a
LOAD C:/ST/STM32CubeIDE_1.13.1/STM32CubeIDE/plugins/com.st.stm32cube.ide.mcu.externaltools.gnu-tools-for-stm32.11.3.rel1.win32_1.1.0.202305231506/tools/bin/../lib/gcc/arm-none-eabi/11.3.1/../../../../arm-none-eabi/lib/thumb/v7-m/nofp\libc_nano.a
LOAD C:/ST/STM32CubeIDE_1.13.1/STM32CubeIDE/plugins/com.st.stm32cube.ide.mcu.externaltools.gnu-tools-for-stm32.11.3.rel1.win32_1.1.0.202305231506/tools/bin/../lib/gcc/arm-none-eabi/11.3.1/../../../../arm-none-eabi/lib/thumb/v7-m/nofp\libnosys.a
END GROUP
LOAD C:/ST/STM32CubeIDE_1.13.1/STM32CubeIDE/plugins/com.st.stm32cube.ide.mcu.externaltools.gnu-tools-for-stm32.11.3.rel1.win32_1.1.0.202305231506/tools/bin/../lib/gcc/arm-none-eabi/11.3.1/thumb/v7-m/nofp/crtend.o
LOAD C:/ST/STM32CubeIDE_1.13.1/STM32CubeIDE/plugins/com.st.stm32cube.ide.mcu.externaltools.gnu-tools-for-stm32.11.3.rel1.win32_1.1.0.202305231506/tools/bin/../lib/gcc/arm-none-eabi/11.3.1/thumb/v7-m/nofp/crtn.o
                0x0000000020005000                _estack = (ORIGIN (RAM) + LENGTH (RAM))
                0x0000000000000200                _Min_Heap_Size = 0x200
                0x0000000000000400                _Min_Stack_Size = 0x400

.isr_vector     0x0000000008000000      0x130
                0x0000000008000000                . = ALIGN (0x4)
 *(.isr_vector)
 .isr_vector    0x0000000008000000      0x130 ./Startup/startup_stm32f103c8tx.o
                0x0000000008000000                g_pfnVectors
                0x0000000008000130                . = ALIGN (0x4)

.text           0x0000000008000130     0x17f8
                0x0000000008000130                . = ALIGN (0x4)
 *(.text)
 .text          0x0000000008000130       0x40 C:/ST/STM32CubeIDE_1.13.1/STM32CubeIDE/plugins/com.st.stm32cube.ide.mcu.externaltools.gnu-tools-for-stm32.11.3.rel1.win32_1.1.0.202305231506/tools/bin/../lib/gcc/arm-none-eabi/11.3.1/thumb/v7-m/nofp/crtbegin.o
 *(.text*)
 .text.Dio_ReadChannel
                0x0000000008000170       0x34 ./Src/AUTOSAR_MCAL.o
                0x0000000008000170                Dio_ReadChannel
 .text.Dio_WriteChannel
                0x00000000080001a4       0x38 ./Src/AUTOSAR_MCAL.o
                0x00000000080001a4                Dio_WriteChannel
 .text.GPIO_enuSetPinMode
                0x00000000080001dc      0x180 ./Src/GPIO_Prog.o
                0x00000000080001dc                GPIO_enuSetPinMode
 .text.GPIO_enuSetPinValue
                0x000000000800035c       0xa4 ./Src/GPIO_Prog.o
                0x000000000800035c                GPIO_enuSetPinValue
 .text.GPIO_enuGetPinValue
                0x0000000008000400       0x60 ./Src/GPIO_Prog.o
                0x0000000008000400                GPIO_enuGetPinValue
 .text.RCC_voidSelectClock
                0x0000000008000460       0xc4 ./Src/RCC_Prog.o
                0x0000000008000460                RCC_voidSelectClock
 .text.RCC_voidEnablePeriphralCLK
                0x0000000008000524       0x74 ./Src/RCC_Prog.o
                0x0000000008000524                RCC_voidEnablePeriphralCLK
 .text.Rte_IRead_SWC_DoorAlgo_DoorLock_Indication_RP_DoorState_DoorState
                0x0000000008000598       0x18 ./Src/Rte_SWC_DoorAlgo.o
                0x0000000008000598                Rte_IRead_SWC_DoorAlgo_DoorLock_Indication_RP_DoorState_DoorState
 .text.Rte_Call_SWC_DoorAlgo_RP_CS_LedState_SetLedState
                0x00000000080005b0       0x40 ./Src/Rte_SWC_DoorAlgo.o
                0x00000000080005b0                Rte_Call_SWC_DoorAlgo_RP_CS_LedState_SetLedState
 .text.Rte_IWrite_SWC_DoorSensorAbstraction_DoorSensorState_PP_DoorState_DoorState
                0x00000000080005f0       0x20 ./Src/Rte_SWC_DoorSensorAbstraction.o
                0x00000000080005f0                Rte_IWrite_SWC_DoorSensorAbstraction_DoorSensorState_PP_DoorState_DoorState
 .text.DoorLock_Indication_Runnable
                0x0000000008000610       0x34 ./Src/SWC_DoorAlgo.o
                0x0000000008000610                DoorLock_Indication_Runnable
 .text.GetDoorState_Runnable
                0x0000000008000644       0x24 ./Src/SWC_DoorSensorAbstraction.o
                0x0000000008000644                GetDoorState_Runnable
 .text.Led_Switch_Runnable
                0x0000000008000668       0x38 ./Src/SWC_DoorSensorAbstraction.o
                0x0000000008000668                Led_Switch_Runnable
 .text.pvPortMalloc
                0x00000000080006a0      0x15c ./Src/heap_4.o
                0x00000000080006a0                pvPortMalloc
 .text.vPortFree
                0x00000000080007fc       0x80 ./Src/heap_4.o
                0x00000000080007fc                vPortFree
 .text.prvHeapInit
                0x000000000800087c       0xc4 ./Src/heap_4.o
 .text.prvInsertBlockIntoFreeList
                0x0000000008000940       0xb0 ./Src/heap_4.o
 .text.vListInitialise
                0x00000000080009f0       0x3e ./Src/list.o
                0x00000000080009f0                vListInitialise
 .text.vListInitialiseItem
                0x0000000008000a2e       0x18 ./Src/list.o
                0x0000000008000a2e                vListInitialiseItem
 .text.vListInsert
                0x0000000008000a46       0x70 ./Src/list.o
                0x0000000008000a46                vListInsert
 .text.uxListRemove
                0x0000000008000ab6       0x52 ./Src/list.o
                0x0000000008000ab6                uxListRemove
 .text.main     0x0000000008000b08       0x98 ./Src/main.o
                0x0000000008000b08                main
 .text.vTask_GetStateRunnable
                0x0000000008000ba0       0x14 ./Src/main.o
                0x0000000008000ba0                vTask_GetStateRunnable
 .text.vTask_LedSwitchRunnable
                0x0000000008000bb4       0x14 ./Src/main.o
                0x0000000008000bb4                vTask_LedSwitchRunnable
 .text.pxPortInitialiseStack
                0x0000000008000bc8       0x58 ./Src/port.o
                0x0000000008000bc8                pxPortInitialiseStack
 .text.prvTaskExitError
                0x0000000008000c20       0x32 ./Src/port.o
 *fill*         0x0000000008000c52        0xe 
 .text.SVC_Handler
                0x0000000008000c60       0x28 ./Src/port.o
                0x0000000008000c60                SVC_Handler
 .text.prvPortStartFirstTask
                0x0000000008000c88       0x24 ./Src/port.o
 .text.xPortStartScheduler
                0x0000000008000cac       0x40 ./Src/port.o
                0x0000000008000cac                xPortStartScheduler
 .text.vPortEnterCritical
                0x0000000008000cec       0x34 ./Src/port.o
                0x0000000008000cec                vPortEnterCritical
 .text.vPortExitCritical
                0x0000000008000d20       0x34 ./Src/port.o
                0x0000000008000d20                vPortExitCritical
 *fill*         0x0000000008000d54        0xc 
 .text.PendSV_Handler
                0x0000000008000d60       0x48 ./Src/port.o
                0x0000000008000d60                PendSV_Handler
 .text.SysTick_Handler
                0x0000000008000da8       0x44 ./Src/port.o
                0x0000000008000da8                SysTick_Handler
 .text.vPortSetupTimerInterrupt
                0x0000000008000dec       0x34 ./Src/port.o
                0x0000000008000dec                vPortSetupTimerInterrupt
 .text.xTaskCreate
                0x0000000008000e20       0x82 ./Src/tasks.o
                0x0000000008000e20                xTaskCreate
 .text.prvInitialiseNewTask
                0x0000000008000ea2       0xf0 ./Src/tasks.o
 *fill*         0x0000000008000f92        0x2 
 .text.prvAddNewTaskToReadyList
                0x0000000008000f94      0x124 ./Src/tasks.o
 .text.vTaskDelay
                0x00000000080010b8       0x48 ./Src/tasks.o
                0x00000000080010b8                vTaskDelay
 .text.vTaskStartScheduler
                0x0000000008001100       0x78 ./Src/tasks.o
                0x0000000008001100                vTaskStartScheduler
 .text.vTaskSuspendAll
                0x0000000008001178       0x1c ./Src/tasks.o
                0x0000000008001178                vTaskSuspendAll
 .text.xTaskResumeAll
                0x0000000008001194      0x1d8 ./Src/tasks.o
                0x0000000008001194                xTaskResumeAll
 .text.xTaskIncrementTick
                0x000000000800136c      0x20c ./Src/tasks.o
                0x000000000800136c                xTaskIncrementTick
 .text.vTaskSwitchContext
                0x0000000008001578       0x8c ./Src/tasks.o
                0x0000000008001578                vTaskSwitchContext
 .text.prvIdleTask
                0x0000000008001604       0x30 ./Src/tasks.o
 .text.prvInitialiseTaskLists
                0x0000000008001634       0x80 ./Src/tasks.o
 .text.prvCheckTasksWaitingTermination
                0x00000000080016b4       0x5c ./Src/tasks.o
 .text.prvDeleteTCB
                0x0000000008001710       0x20 ./Src/tasks.o
 .text.prvResetNextTaskUnblockTime
                0x0000000008001730       0x34 ./Src/tasks.o
 .text.prvAddCurrentTaskToDelayedList
                0x0000000008001764      0x100 ./Src/tasks.o
 .text.Reset_Handler
                0x0000000008001864       0x50 ./Startup/startup_stm32f103c8tx.o
                0x0000000008001864                Reset_Handler
 .text.Default_Handler
                0x00000000080018b4        0x2 ./Startup/startup_stm32f103c8tx.o
                0x00000000080018b4                EXTI2_IRQHandler
                0x00000000080018b4                TIM8_TRG_COM_IRQHandler
                0x00000000080018b4                TIM8_CC_IRQHandler
                0x00000000080018b4                DebugMon_Handler
                0x00000000080018b4                TIM1_CC_IRQHandler
                0x00000000080018b4                HardFault_Handler
                0x00000000080018b4                TIM6_IRQHandler
                0x00000000080018b4                PVD_IRQHandler
                0x00000000080018b4                SDIO_IRQHandler
                0x00000000080018b4                NMI_Handler
                0x00000000080018b4                EXTI3_IRQHandler
                0x00000000080018b4                USB_HP_CAN_TX_IRQHandler
                0x00000000080018b4                EXTI0_IRQHandler
                0x00000000080018b4                I2C2_EV_IRQHandler
                0x00000000080018b4                UsageFault_Handler
                0x00000000080018b4                ADC1_2_IRQHandler
                0x00000000080018b4                SPI1_IRQHandler
                0x00000000080018b4                CAN_SCE_IRQHandler
                0x00000000080018b4                TAMPER_IRQHandler
                0x00000000080018b4                TIM8_UP_IRQHandler
                0x00000000080018b4                DMA2_Channel2_IRQHandler
                0x00000000080018b4                DMA1_Channel4_IRQHandler
                0x00000000080018b4                USART3_IRQHandler
                0x00000000080018b4                RTC_IRQHandler
                0x00000000080018b4                DMA1_Channel7_IRQHandler
                0x00000000080018b4                UART5_IRQHandler
                0x00000000080018b4                ADC3_IRQHandler
                0x00000000080018b4                TIM4_IRQHandler
                0x00000000080018b4                CAN_RX1_IRQHandler
                0x00000000080018b4                DMA2_Channel1_IRQHandler
                0x00000000080018b4                I2C1_EV_IRQHandler
                0x00000000080018b4                DMA1_Channel6_IRQHandler
                0x00000000080018b4                UART4_IRQHandler
                0x00000000080018b4                TIM3_IRQHandler
                0x00000000080018b4                RCC_IRQHandler
                0x00000000080018b4                TIM1_TRG_COM_IRQHandler
                0x00000000080018b4                DMA1_Channel1_IRQHandler
                0x00000000080018b4                Default_Handler
                0x00000000080018b4                EXTI15_10_IRQHandler
                0x00000000080018b4                TIM7_IRQHandler
                0x00000000080018b4                TIM5_IRQHandler
                0x00000000080018b4                EXTI9_5_IRQHandler
                0x00000000080018b4                SPI2_IRQHandler
                0x00000000080018b4                USB_LP_CAN_RX0_IRQHandler
                0x00000000080018b4                MemManage_Handler
                0x00000000080018b4                DMA1_Channel5_IRQHandler
                0x00000000080018b4                EXTI4_IRQHandler
                0x00000000080018b4                DMA1_Channel3_IRQHandler
                0x00000000080018b4                FSMC_IRQHandler
                0x00000000080018b4                TIM1_UP_IRQHandler
                0x00000000080018b4                WWDG_IRQHandler
                0x00000000080018b4                TIM2_IRQHandler
                0x00000000080018b4                TIM1_BRK_IRQHandler
                0x00000000080018b4                EXTI1_IRQHandler
                0x00000000080018b4                RTCAlarm_IRQHandler
                0x00000000080018b4                DMA2_Channel4_5_IRQHandler
                0x00000000080018b4                USART2_IRQHandler
                0x00000000080018b4                I2C2_ER_IRQHandler
                0x00000000080018b4                DMA1_Channel2_IRQHandler
                0x00000000080018b4                TIM8_BRK_IRQHandler
                0x00000000080018b4                FLASH_IRQHandler
                0x00000000080018b4                BusFault_Handler
                0x00000000080018b4                USART1_IRQHandler
                0x00000000080018b4                SPI3_IRQHandler
                0x00000000080018b4                I2C1_ER_IRQHandler
                0x00000000080018b4                DMA2_Channel3_IRQHandler
 .text.memset   0x00000000080018b6       0x10 C:/ST/STM32CubeIDE_1.13.1/STM32CubeIDE/plugins/com.st.stm32cube.ide.mcu.externaltools.gnu-tools-for-stm32.11.3.rel1.win32_1.1.0.202305231506/tools/bin/../lib/gcc/arm-none-eabi/11.3.1/../../../../arm-none-eabi/lib/thumb/v7-m/nofp\libc_nano.a(libc_a-memset.o)
                0x00000000080018b6                memset
 *fill*         0x00000000080018c6        0x2 
 .text.__libc_init_array
                0x00000000080018c8       0x48 C:/ST/STM32CubeIDE_1.13.1/STM32CubeIDE/plugins/com.st.stm32cube.ide.mcu.externaltools.gnu-tools-for-stm32.11.3.rel1.win32_1.1.0.202305231506/tools/bin/../lib/gcc/arm-none-eabi/11.3.1/../../../../arm-none-eabi/lib/thumb/v7-m/nofp\libc_nano.a(libc_a-init.o)
                0x00000000080018c8                __libc_init_array
 *(.glue_7)
 .glue_7        0x0000000008001910        0x0 linker stubs
 *(.glue_7t)
 .glue_7t       0x0000000008001910        0x0 linker stubs
 *(.eh_frame)
 .eh_frame      0x0000000008001910        0x0 C:/ST/STM32CubeIDE_1.13.1/STM32CubeIDE/plugins/com.st.stm32cube.ide.mcu.externaltools.gnu-tools-for-stm32.11.3.rel1.win32_1.1.0.202305231506/tools/bin/../lib/gcc/arm-none-eabi/11.3.1/thumb/v7-m/nofp/crtbegin.o
 *(.init)
 .init          0x0000000008001910        0x4 C:/ST/STM32CubeIDE_1.13.1/STM32CubeIDE/plugins/com.st.stm32cube.ide.mcu.externaltools.gnu-tools-for-stm32.11.3.rel1.win32_1.1.0.202305231506/tools/bin/../lib/gcc/arm-none-eabi/11.3.1/thumb/v7-m/nofp/crti.o
                0x0000000008001910                _init
 .init          0x0000000008001914        0x8 C:/ST/STM32CubeIDE_1.13.1/STM32CubeIDE/plugins/com.st.stm32cube.ide.mcu.externaltools.gnu-tools-for-stm32.11.3.rel1.win32_1.1.0.202305231506/tools/bin/../lib/gcc/arm-none-eabi/11.3.1/thumb/v7-m/nofp/crtn.o
 *(.fini)
 .fini          0x000000000800191c        0x4 C:/ST/STM32CubeIDE_1.13.1/STM32CubeIDE/plugins/com.st.stm32cube.ide.mcu.externaltools.gnu-tools-for-stm32.11.3.rel1.win32_1.1.0.202305231506/tools/bin/../lib/gcc/arm-none-eabi/11.3.1/thumb/v7-m/nofp/crti.o
                0x000000000800191c                _fini
 .fini          0x0000000008001920        0x8 C:/ST/STM32CubeIDE_1.13.1/STM32CubeIDE/plugins/com.st.stm32cube.ide.mcu.externaltools.gnu-tools-for-stm32.11.3.rel1.win32_1.1.0.202305231506/tools/bin/../lib/gcc/arm-none-eabi/11.3.1/thumb/v7-m/nofp/crtn.o
                0x0000000008001928                . = ALIGN (0x4)
                0x0000000008001928                _etext = .

.vfp11_veneer   0x0000000008001928        0x0
 .vfp11_veneer  0x0000000008001928        0x0 linker stubs

.v4_bx          0x0000000008001928        0x0
 .v4_bx         0x0000000008001928        0x0 linker stubs

.iplt           0x0000000008001928        0x0
 .iplt          0x0000000008001928        0x0 C:/ST/STM32CubeIDE_1.13.1/STM32CubeIDE/plugins/com.st.stm32cube.ide.mcu.externaltools.gnu-tools-for-stm32.11.3.rel1.win32_1.1.0.202305231506/tools/bin/../lib/gcc/arm-none-eabi/11.3.1/thumb/v7-m/nofp/crtbegin.o

.rodata         0x0000000008001928       0x10
                0x0000000008001928                . = ALIGN (0x4)
 *(.rodata)
 .rodata        0x0000000008001928        0x5 ./Src/tasks.o
 *(.rodata*)
 *fill*         0x000000000800192d        0x3 
 .rodata.Rte_Instance_SWC_DoorAlgo
                0x0000000008001930        0x4 ./Src/Rte_SWC_DoorAlgo.o
                0x0000000008001930                Rte_Instance_SWC_DoorAlgo
 .rodata.Rte_Instance_SWC_DoorSensorAbstraction
                0x0000000008001934        0x4 ./Src/Rte_SWC_DoorSensorAbstraction.o
                0x0000000008001934                Rte_Instance_SWC_DoorSensorAbstraction
                0x0000000008001938                . = ALIGN (0x4)

.rel.dyn        0x0000000008001938        0x0
 .rel.iplt      0x0000000008001938        0x0 C:/ST/STM32CubeIDE_1.13.1/STM32CubeIDE/plugins/com.st.stm32cube.ide.mcu.externaltools.gnu-tools-for-stm32.11.3.rel1.win32_1.1.0.202305231506/tools/bin/../lib/gcc/arm-none-eabi/11.3.1/thumb/v7-m/nofp/crtbegin.o

.ARM.extab      0x0000000008001938        0x0
                0x0000000008001938                . = ALIGN (0x4)
 *(.ARM.extab* .gnu.linkonce.armextab.*)
                0x0000000008001938                . = ALIGN (0x4)

.ARM            0x0000000008001938        0x0
                0x0000000008001938                . = ALIGN (0x4)
                0x0000000008001938                __exidx_start = .
 *(.ARM.exidx*)
                0x0000000008001938                __exidx_end = .
                0x0000000008001938                . = ALIGN (0x4)

.preinit_array  0x0000000008001938        0x0
                0x0000000008001938                . = ALIGN (0x4)
                0x0000000008001938                PROVIDE (__preinit_array_start = .)
 *(.preinit_array*)
                0x0000000008001938                PROVIDE (__preinit_array_end = .)
                0x0000000008001938                . = ALIGN (0x4)

.init_array     0x0000000008001938        0x4
                0x0000000008001938                . = ALIGN (0x4)
                0x0000000008001938                PROVIDE (__init_array_start = .)
 *(SORT_BY_NAME(.init_array.*))
 *(.init_array*)
 .init_array    0x0000000008001938        0x4 C:/ST/STM32CubeIDE_1.13.1/STM32CubeIDE/plugins/com.st.stm32cube.ide.mcu.externaltools.gnu-tools-for-stm32.11.3.rel1.win32_1.1.0.202305231506/tools/bin/../lib/gcc/arm-none-eabi/11.3.1/thumb/v7-m/nofp/crtbegin.o
                0x000000000800193c                PROVIDE (__init_array_end = .)
                0x000000000800193c                . = ALIGN (0x4)

.fini_array     0x000000000800193c        0x4
                0x000000000800193c                . = ALIGN (0x4)
                [!provide]                        PROVIDE (__fini_array_start = .)
 *(SORT_BY_NAME(.fini_array.*))
 *(.fini_array*)
 .fini_array    0x000000000800193c        0x4 C:/ST/STM32CubeIDE_1.13.1/STM32CubeIDE/plugins/com.st.stm32cube.ide.mcu.externaltools.gnu-tools-for-stm32.11.3.rel1.win32_1.1.0.202305231506/tools/bin/../lib/gcc/arm-none-eabi/11.3.1/thumb/v7-m/nofp/crtbegin.o
                [!provide]                        PROVIDE (__fini_array_end = .)
                0x0000000008001940                . = ALIGN (0x4)
                0x0000000008001940                _sidata = LOADADDR (.data)

.data           0x0000000020000000       0x14 load address 0x0000000008001940
                0x0000000020000000                . = ALIGN (0x4)
                0x0000000020000000                _sdata = .
 *(.data)
 *(.data*)
 .data.GPIO_APS
                0x0000000020000000        0xc ./Src/GPIO_Prog.o
 .data.uxCriticalNesting
                0x000000002000000c        0x4 ./Src/port.o
 .data.uxTopUsedPriority
                0x0000000020000010        0x4 ./Src/tasks.o
                0x0000000020000010                uxTopUsedPriority
 *(.RamFunc)
 *(.RamFunc*)
                0x0000000020000014                . = ALIGN (0x4)
                0x0000000020000014                _edata = .

.igot.plt       0x0000000020000014        0x0 load address 0x0000000008001954
 .igot.plt      0x0000000020000014        0x0 C:/ST/STM32CubeIDE_1.13.1/STM32CubeIDE/plugins/com.st.stm32cube.ide.mcu.externaltools.gnu-tools-for-stm32.11.3.rel1.win32_1.1.0.202305231506/tools/bin/../lib/gcc/arm-none-eabi/11.3.1/thumb/v7-m/nofp/crtbegin.o
                0x0000000020000014                . = ALIGN (0x4)

.bss            0x0000000020000014     0x2158 load address 0x0000000008001954
                0x0000000020000014                _sbss = .
                0x0000000020000014                __bss_start__ = _sbss
 *(.bss)
 .bss           0x0000000020000014       0x1c C:/ST/STM32CubeIDE_1.13.1/STM32CubeIDE/plugins/com.st.stm32cube.ide.mcu.externaltools.gnu-tools-for-stm32.11.3.rel1.win32_1.1.0.202305231506/tools/bin/../lib/gcc/arm-none-eabi/11.3.1/thumb/v7-m/nofp/crtbegin.o
 *(.bss*)
 .bss.DoorSensorState_PP_DoorState_DoorState
                0x0000000020000030        0x1 ./Src/Rte_SWC_DoorAlgo.o
                0x0000000020000030                DoorSensorState_PP_DoorState_DoorState
 .bss.SWC_DoorAlgo_RP_CS_LedState_SetLedState_Buffer_retcode
                0x0000000020000031        0x1 ./Src/Rte_SWC_DoorAlgo.o
                0x0000000020000031                SWC_DoorAlgo_RP_CS_LedState_SetLedState_Buffer_retcode
 *fill*         0x0000000020000032        0x2 
 .bss.Rte_Call_SWC_DoorAlgo_RP_CS_LedState_SetLedState_Delegate
                0x0000000020000034        0x4 ./Src/Rte_SWC_DoorAlgo.o
                0x0000000020000034                Rte_Call_SWC_DoorAlgo_RP_CS_LedState_SetLedState_Delegate
 .bss.ucHeap    0x0000000020000038     0x2000 ./Src/heap_4.o
 .bss.xStart    0x0000000020002038        0x8 ./Src/heap_4.o
 .bss.pxEnd     0x0000000020002040        0x4 ./Src/heap_4.o
 .bss.xFreeBytesRemaining
                0x0000000020002044        0x4 ./Src/heap_4.o
 .bss.xMinimumEverFreeBytesRemaining
                0x0000000020002048        0x4 ./Src/heap_4.o
 .bss.xNumberOfSuccessfulAllocations
                0x000000002000204c        0x4 ./Src/heap_4.o
 .bss.xNumberOfSuccessfulFrees
                0x0000000020002050        0x4 ./Src/heap_4.o
 .bss.xBlockAllocatedBit
                0x0000000020002054        0x4 ./Src/heap_4.o
 .bss.Task_GetStateRunnable_Handel
                0x0000000020002058        0x4 ./Src/main.o
                0x0000000020002058                Task_GetStateRunnable_Handel
 .bss.Task_LedSwitchRunnable_Handel
                0x000000002000205c        0x4 ./Src/main.o
                0x000000002000205c                Task_LedSwitchRunnable_Handel
 .bss.DoorLock1
                0x0000000020002060        0x3 ./Src/main.o
                0x0000000020002060                DoorLock1
 *fill*         0x0000000020002063        0x1 
 .bss.DoorLock  0x0000000020002064        0x3 ./Src/main.o
                0x0000000020002064                DoorLock
 *fill*         0x0000000020002067        0x1 
 .bss.pxCurrentTCB
                0x0000000020002068        0x4 ./Src/tasks.o
                0x0000000020002068                pxCurrentTCB
 .bss.pxReadyTasksLists
                0x000000002000206c       0x64 ./Src/tasks.o
 .bss.xDelayedTaskList1
                0x00000000200020d0       0x14 ./Src/tasks.o
 .bss.xDelayedTaskList2
                0x00000000200020e4       0x14 ./Src/tasks.o
 .bss.pxDelayedTaskList
                0x00000000200020f8        0x4 ./Src/tasks.o
 .bss.pxOverflowDelayedTaskList
                0x00000000200020fc        0x4 ./Src/tasks.o
 .bss.xPendingReadyList
                0x0000000020002100       0x14 ./Src/tasks.o
 .bss.xTasksWaitingTermination
                0x0000000020002114       0x14 ./Src/tasks.o
 .bss.uxDeletedTasksWaitingCleanUp
                0x0000000020002128        0x4 ./Src/tasks.o
 .bss.xSuspendedTaskList
                0x000000002000212c       0x14 ./Src/tasks.o
 .bss.uxCurrentNumberOfTasks
                0x0000000020002140        0x4 ./Src/tasks.o
 .bss.xTickCount
                0x0000000020002144        0x4 ./Src/tasks.o
 .bss.uxTopReadyPriority
                0x0000000020002148        0x4 ./Src/tasks.o
 .bss.xSchedulerRunning
                0x000000002000214c        0x4 ./Src/tasks.o
 .bss.xPendedTicks
                0x0000000020002150        0x4 ./Src/tasks.o
 .bss.xYieldPending
                0x0000000020002154        0x4 ./Src/tasks.o
 .bss.xNumOfOverflows
                0x0000000020002158        0x4 ./Src/tasks.o
 .bss.uxTaskNumber
                0x000000002000215c        0x4 ./Src/tasks.o
 .bss.xNextTaskUnblockTime
                0x0000000020002160        0x4 ./Src/tasks.o
 .bss.xIdleTaskHandle
                0x0000000020002164        0x4 ./Src/tasks.o
 .bss.uxSchedulerSuspended
                0x0000000020002168        0x4 ./Src/tasks.o
 *(COMMON)
                0x000000002000216c                . = ALIGN (0x4)
                0x000000002000216c                _ebss = .
                0x000000002000216c                __bss_end__ = _ebss

._user_heap_stack
                0x000000002000216c      0x604 load address 0x0000000008001954
                0x0000000020002170                . = ALIGN (0x8)
 *fill*         0x000000002000216c        0x4 
                [!provide]                        PROVIDE (end = .)
                0x0000000020002170                PROVIDE (_end = .)
                0x0000000020002370                . = (. + _Min_Heap_Size)
 *fill*         0x0000000020002170      0x200 
                0x0000000020002770                . = (. + _Min_Stack_Size)
 *fill*         0x0000000020002370      0x400 
                0x0000000020002770                . = ALIGN (0x8)

/DISCARD/
 libc.a(*)
 libm.a(*)
 libgcc.a(*)

.ARM.attributes
                0x0000000000000000       0x29
 *(.ARM.attributes)
 .ARM.attributes
                0x0000000000000000       0x1d C:/ST/STM32CubeIDE_1.13.1/STM32CubeIDE/plugins/com.st.stm32cube.ide.mcu.externaltools.gnu-tools-for-stm32.11.3.rel1.win32_1.1.0.202305231506/tools/bin/../lib/gcc/arm-none-eabi/11.3.1/thumb/v7-m/nofp/crti.o
 .ARM.attributes
                0x000000000000001d       0x2d C:/ST/STM32CubeIDE_1.13.1/STM32CubeIDE/plugins/com.st.stm32cube.ide.mcu.externaltools.gnu-tools-for-stm32.11.3.rel1.win32_1.1.0.202305231506/tools/bin/../lib/gcc/arm-none-eabi/11.3.1/thumb/v7-m/nofp/crtbegin.o
 .ARM.attributes
                0x000000000000004a       0x2d ./Src/AUTOSAR_MCAL.o
 .ARM.attributes
                0x0000000000000077       0x2d ./Src/GPIO_Prog.o
 .ARM.attributes
                0x00000000000000a4       0x2d ./Src/RCC_Prog.o
 .ARM.attributes
                0x00000000000000d1       0x2d ./Src/Rte_SWC_DoorAlgo.o
 .ARM.attributes
                0x00000000000000fe       0x2d ./Src/Rte_SWC_DoorSensorAbstraction.o
 .ARM.attributes
                0x000000000000012b       0x2d ./Src/SWC_DoorAlgo.o
 .ARM.attributes
                0x0000000000000158       0x2d ./Src/SWC_DoorSensorAbstraction.o
 .ARM.attributes
                0x0000000000000185       0x2d ./Src/heap_4.o
 .ARM.attributes
                0x00000000000001b2       0x2d ./Src/list.o
 .ARM.attributes
                0x00000000000001df       0x2d ./Src/main.o
 .ARM.attributes
                0x000000000000020c       0x2d ./Src/port.o
 .ARM.attributes
                0x0000000000000239       0x2d ./Src/tasks.o
 .ARM.attributes
                0x0000000000000266       0x21 ./Startup/startup_stm32f103c8tx.o
 .ARM.attributes
                0x0000000000000287       0x2d C:/ST/STM32CubeIDE_1.13.1/STM32CubeIDE/plugins/com.st.stm32cube.ide.mcu.externaltools.gnu-tools-for-stm32.11.3.rel1.win32_1.1.0.202305231506/tools/bin/../lib/gcc/arm-none-eabi/11.3.1/../../../../arm-none-eabi/lib/thumb/v7-m/nofp\libc_nano.a(libc_a-memset.o)
 .ARM.attributes
                0x00000000000002b4       0x2d C:/ST/STM32CubeIDE_1.13.1/STM32CubeIDE/plugins/com.st.stm32cube.ide.mcu.externaltools.gnu-tools-for-stm32.11.3.rel1.win32_1.1.0.202305231506/tools/bin/../lib/gcc/arm-none-eabi/11.3.1/../../../../arm-none-eabi/lib/thumb/v7-m/nofp\libc_nano.a(libc_a-init.o)
 .ARM.attributes
                0x00000000000002e1       0x1d C:/ST/STM32CubeIDE_1.13.1/STM32CubeIDE/plugins/com.st.stm32cube.ide.mcu.externaltools.gnu-tools-for-stm32.11.3.rel1.win32_1.1.0.202305231506/tools/bin/../lib/gcc/arm-none-eabi/11.3.1/thumb/v7-m/nofp/crtn.o
OUTPUT(RTOS.elf elf32-littlearm)
LOAD linker stubs
LOAD C:/ST/STM32CubeIDE_1.13.1/STM32CubeIDE/plugins/com.st.stm32cube.ide.mcu.externaltools.gnu-tools-for-stm32.11.3.rel1.win32_1.1.0.202305231506/tools/bin/../lib/gcc/arm-none-eabi/11.3.1/../../../../arm-none-eabi/lib/thumb/v7-m/nofp\libc.a
LOAD C:/ST/STM32CubeIDE_1.13.1/STM32CubeIDE/plugins/com.st.stm32cube.ide.mcu.externaltools.gnu-tools-for-stm32.11.3.rel1.win32_1.1.0.202305231506/tools/bin/../lib/gcc/arm-none-eabi/11.3.1/../../../../arm-none-eabi/lib/thumb/v7-m/nofp\libm.a
LOAD C:/ST/STM32CubeIDE_1.13.1/STM32CubeIDE/plugins/com.st.stm32cube.ide.mcu.externaltools.gnu-tools-for-stm32.11.3.rel1.win32_1.1.0.202305231506/tools/bin/../lib/gcc/arm-none-eabi/11.3.1/thumb/v7-m/nofp\libgcc.a

.comment        0x0000000000000000       0x43
 .comment       0x0000000000000000       0x43 C:/ST/STM32CubeIDE_1.13.1/STM32CubeIDE/plugins/com.st.stm32cube.ide.mcu.externaltools.gnu-tools-for-stm32.11.3.rel1.win32_1.1.0.202305231506/tools/bin/../lib/gcc/arm-none-eabi/11.3.1/thumb/v7-m/nofp/crtbegin.o
                                         0x44 (size before relaxing)
 .comment       0x0000000000000043       0x44 ./Src/AUTOSAR_MCAL.o
 .comment       0x0000000000000043       0x44 ./Src/GPIO_Prog.o
 .comment       0x0000000000000043       0x44 ./Src/RCC_Prog.o
 .comment       0x0000000000000043       0x44 ./Src/Rte_SWC_DoorAlgo.o
 .comment       0x0000000000000043       0x44 ./Src/Rte_SWC_DoorSensorAbstraction.o
 .comment       0x0000000000000043       0x44 ./Src/SWC_DoorAlgo.o
 .comment       0x0000000000000043       0x44 ./Src/SWC_DoorSensorAbstraction.o
 .comment       0x0000000000000043       0x44 ./Src/heap_4.o
 .comment       0x0000000000000043       0x44 ./Src/list.o
 .comment       0x0000000000000043       0x44 ./Src/main.o
 .comment       0x0000000000000043       0x44 ./Src/port.o
 .comment       0x0000000000000043       0x44 ./Src/tasks.o

.debug_info     0x0000000000000000     0x35e6
 .debug_info    0x0000000000000000      0x2e7 ./Src/AUTOSAR_MCAL.o
 .debug_info    0x00000000000002e7      0x416 ./Src/GPIO_Prog.o
 .debug_info    0x00000000000006fd      0x1b7 ./Src/RCC_Prog.o
 .debug_info    0x00000000000008b4      0x228 ./Src/Rte_SWC_DoorAlgo.o
 .debug_info    0x0000000000000adc      0x16c ./Src/Rte_SWC_DoorSensorAbstraction.o
 .debug_info    0x0000000000000c48      0x10d ./Src/SWC_DoorAlgo.o
 .debug_info    0x0000000000000d55      0x15b ./Src/SWC_DoorSensorAbstraction.o
 .debug_info    0x0000000000000eb0      0x433 ./Src/heap_4.o
 .debug_info    0x00000000000012e3      0x2af ./Src/list.o
 .debug_info    0x0000000000001592      0x474 ./Src/main.o
 .debug_info    0x0000000000001a06      0x2e7 ./Src/port.o
 .debug_info    0x0000000000001ced     0x18d6 ./Src/tasks.o
 .debug_info    0x00000000000035c3       0x23 ./Startup/startup_stm32f103c8tx.o

.debug_abbrev   0x0000000000000000     0x105c
 .debug_abbrev  0x0000000000000000      0x121 ./Src/AUTOSAR_MCAL.o
 .debug_abbrev  0x0000000000000121       0xf9 ./Src/GPIO_Prog.o
 .debug_abbrev  0x000000000000021a       0xcf ./Src/RCC_Prog.o
 .debug_abbrev  0x00000000000002e9      0x14e ./Src/Rte_SWC_DoorAlgo.o
 .debug_abbrev  0x0000000000000437       0xfa ./Src/Rte_SWC_DoorSensorAbstraction.o
 .debug_abbrev  0x0000000000000531       0x98 ./Src/SWC_DoorAlgo.o
 .debug_abbrev  0x00000000000005c9       0xc6 ./Src/SWC_DoorSensorAbstraction.o
 .debug_abbrev  0x000000000000068f      0x1b9 ./Src/heap_4.o
 .debug_abbrev  0x0000000000000848       0xf5 ./Src/list.o
 .debug_abbrev  0x000000000000093d      0x1b9 ./Src/main.o
 .debug_abbrev  0x0000000000000af6      0x20c ./Src/port.o
 .debug_abbrev  0x0000000000000d02      0x348 ./Src/tasks.o
 .debug_abbrev  0x000000000000104a       0x12 ./Startup/startup_stm32f103c8tx.o

.debug_aranges  0x0000000000000000      0x418
 .debug_aranges
                0x0000000000000000       0x28 ./Src/AUTOSAR_MCAL.o
 .debug_aranges
                0x0000000000000028       0x40 ./Src/GPIO_Prog.o
 .debug_aranges
                0x0000000000000068       0x30 ./Src/RCC_Prog.o
 .debug_aranges
                0x0000000000000098       0x28 ./Src/Rte_SWC_DoorAlgo.o
 .debug_aranges
                0x00000000000000c0       0x28 ./Src/Rte_SWC_DoorSensorAbstraction.o
 .debug_aranges
                0x00000000000000e8       0x20 ./Src/SWC_DoorAlgo.o
 .debug_aranges
                0x0000000000000108       0x28 ./Src/SWC_DoorSensorAbstraction.o
 .debug_aranges
                0x0000000000000130       0x58 ./Src/heap_4.o
 .debug_aranges
                0x0000000000000188       0x40 ./Src/list.o
 .debug_aranges
                0x00000000000001c8       0x30 ./Src/main.o
 .debug_aranges
                0x00000000000001f8       0x70 ./Src/port.o
 .debug_aranges
                0x0000000000000268      0x188 ./Src/tasks.o
 .debug_aranges
                0x00000000000003f0       0x28 ./Startup/startup_stm32f103c8tx.o

.debug_rnglists
                0x0000000000000000      0x2f1
 .debug_rnglists
                0x0000000000000000       0x19 ./Src/AUTOSAR_MCAL.o
 .debug_rnglists
                0x0000000000000019       0x2e ./Src/GPIO_Prog.o
 .debug_rnglists
                0x0000000000000047       0x20 ./Src/RCC_Prog.o
 .debug_rnglists
                0x0000000000000067       0x19 ./Src/Rte_SWC_DoorAlgo.o
 .debug_rnglists
                0x0000000000000080       0x19 ./Src/Rte_SWC_DoorSensorAbstraction.o
 .debug_rnglists
                0x0000000000000099       0x13 ./Src/SWC_DoorAlgo.o
 .debug_rnglists
                0x00000000000000ac       0x19 ./Src/SWC_DoorSensorAbstraction.o
 .debug_rnglists
                0x00000000000000c5       0x42 ./Src/heap_4.o
 .debug_rnglists
                0x0000000000000107       0x2b ./Src/list.o
 .debug_rnglists
                0x0000000000000132       0x20 ./Src/main.o
 .debug_rnglists
                0x0000000000000152       0x4f ./Src/port.o
 .debug_rnglists
                0x00000000000001a1      0x137 ./Src/tasks.o
 .debug_rnglists
                0x00000000000002d8       0x19 ./Startup/startup_stm32f103c8tx.o

.debug_macro    0x0000000000000000     0x2b71
 .debug_macro   0x0000000000000000       0x59 ./Src/AUTOSAR_MCAL.o
 .debug_macro   0x0000000000000059      0xaa2 ./Src/AUTOSAR_MCAL.o
 .debug_macro   0x0000000000000afb       0x10 ./Src/AUTOSAR_MCAL.o
 .debug_macro   0x0000000000000b0b       0x22 ./Src/AUTOSAR_MCAL.o
 .debug_macro   0x0000000000000b2d       0x46 ./Src/AUTOSAR_MCAL.o
 .debug_macro   0x0000000000000b73       0x10 ./Src/AUTOSAR_MCAL.o
 .debug_macro   0x0000000000000b83       0x4a ./Src/GPIO_Prog.o
 .debug_macro   0x0000000000000bcd       0x49 ./Src/RCC_Prog.o
 .debug_macro   0x0000000000000c16       0x22 ./Src/RCC_Prog.o
 .debug_macro   0x0000000000000c38       0x16 ./Src/RCC_Prog.o
 .debug_macro   0x0000000000000c4e      0x198 ./Src/Rte_SWC_DoorAlgo.o
 .debug_macro   0x0000000000000de6       0x22 ./Src/Rte_SWC_DoorAlgo.o
 .debug_macro   0x0000000000000e08       0x5b ./Src/Rte_SWC_DoorAlgo.o
 .debug_macro   0x0000000000000e63       0x24 ./Src/Rte_SWC_DoorAlgo.o
 .debug_macro   0x0000000000000e87       0x94 ./Src/Rte_SWC_DoorAlgo.o
 .debug_macro   0x0000000000000f1b       0x43 ./Src/Rte_SWC_DoorAlgo.o
 .debug_macro   0x0000000000000f5e       0x34 ./Src/Rte_SWC_DoorAlgo.o
 .debug_macro   0x0000000000000f92      0x174 ./Src/Rte_SWC_DoorAlgo.o
 .debug_macro   0x0000000000001106       0x16 ./Src/Rte_SWC_DoorAlgo.o
 .debug_macro   0x000000000000111c       0x43 ./Src/Rte_SWC_DoorAlgo.o
 .debug_macro   0x000000000000115f       0x57 ./Src/Rte_SWC_DoorAlgo.o
 .debug_macro   0x00000000000011b6       0x34 ./Src/Rte_SWC_DoorAlgo.o
 .debug_macro   0x00000000000011ea       0x10 ./Src/Rte_SWC_DoorAlgo.o
 .debug_macro   0x00000000000011fa       0x58 ./Src/Rte_SWC_DoorAlgo.o
 .debug_macro   0x0000000000001252       0x8e ./Src/Rte_SWC_DoorAlgo.o
 .debug_macro   0x00000000000012e0       0x1c ./Src/Rte_SWC_DoorAlgo.o
 .debug_macro   0x00000000000012fc      0x177 ./Src/Rte_SWC_DoorAlgo.o
 .debug_macro   0x0000000000001473      0x369 ./Src/Rte_SWC_DoorAlgo.o
 .debug_macro   0x00000000000017dc       0x10 ./Src/Rte_SWC_DoorAlgo.o
 .debug_macro   0x00000000000017ec       0x35 ./Src/Rte_SWC_DoorAlgo.o
 .debug_macro   0x0000000000001821       0x20 ./Src/Rte_SWC_DoorAlgo.o
 .debug_macro   0x0000000000001841       0x22 ./Src/Rte_SWC_DoorAlgo.o
 .debug_macro   0x0000000000001863      0x103 ./Src/Rte_SWC_DoorAlgo.o
 .debug_macro   0x0000000000001966       0x6a ./Src/Rte_SWC_DoorAlgo.o
 .debug_macro   0x00000000000019d0      0x1df ./Src/Rte_SWC_DoorAlgo.o
 .debug_macro   0x0000000000001baf       0x22 ./Src/Rte_SWC_DoorAlgo.o
 .debug_macro   0x0000000000001bd1       0x7c ./Src/Rte_SWC_DoorAlgo.o
 .debug_macro   0x0000000000001c4d       0x40 ./Src/Rte_SWC_DoorAlgo.o
 .debug_macro   0x0000000000001c8d       0x10 ./Src/Rte_SWC_DoorAlgo.o
 .debug_macro   0x0000000000001c9d       0x1c ./Src/Rte_SWC_DoorAlgo.o
 .debug_macro   0x0000000000001cb9      0x198 ./Src/Rte_SWC_DoorSensorAbstraction.o
 .debug_macro   0x0000000000001e51       0x10 ./Src/Rte_SWC_DoorSensorAbstraction.o
 .debug_macro   0x0000000000001e61       0x1c ./Src/Rte_SWC_DoorSensorAbstraction.o
 .debug_macro   0x0000000000001e7d       0xd7 ./Src/SWC_DoorAlgo.o
 .debug_macro   0x0000000000001f54       0x8e ./Src/SWC_DoorAlgo.o
 .debug_macro   0x0000000000001fe2       0x51 ./Src/SWC_DoorAlgo.o
 .debug_macro   0x0000000000002033       0x82 ./Src/SWC_DoorAlgo.o
 .debug_macro   0x00000000000020b5      0x11f ./Src/SWC_DoorSensorAbstraction.o
 .debug_macro   0x00000000000021d4      0x1b3 ./Src/heap_4.o
 .debug_macro   0x0000000000002387      0x198 ./Src/list.o
 .debug_macro   0x000000000000251f      0x164 ./Src/main.o
 .debug_macro   0x0000000000002683       0x80 ./Src/main.o
 .debug_macro   0x0000000000002703       0x69 ./Src/main.o
 .debug_macro   0x000000000000276c      0x177 ./Src/port.o
 .debug_macro   0x00000000000028e3      0x27e ./Src/tasks.o
 .debug_macro   0x0000000000002b61       0x10 ./Src/tasks.o

.debug_line     0x0000000000000000     0x4b85
 .debug_line    0x0000000000000000       0xeb ./Src/AUTOSAR_MCAL.o
 .debug_line    0x00000000000000eb      0x243 ./Src/GPIO_Prog.o
 .debug_line    0x000000000000032e      0x101 ./Src/RCC_Prog.o
 .debug_line    0x000000000000042f      0x633 ./Src/Rte_SWC_DoorAlgo.o
 .debug_line    0x0000000000000a62      0x64b ./Src/Rte_SWC_DoorSensorAbstraction.o
 .debug_line    0x00000000000010ad      0x4ab ./Src/SWC_DoorAlgo.o
 .debug_line    0x0000000000001558      0x561 ./Src/SWC_DoorSensorAbstraction.o
 .debug_line    0x0000000000001ab9      0x8b7 ./Src/heap_4.o
 .debug_line    0x0000000000002370      0x6f3 ./Src/list.o
 .debug_line    0x0000000000002a63      0x5b8 ./Src/main.o
 .debug_line    0x000000000000301b      0x652 ./Src/port.o
 .debug_line    0x000000000000366d     0x149d ./Src/tasks.o
 .debug_line    0x0000000000004b0a       0x7b ./Startup/startup_stm32f103c8tx.o

.debug_str      0x0000000000000000    0x103aa
 .debug_str     0x0000000000000000     0x32e6 ./Src/AUTOSAR_MCAL.o
                                       0x3364 (size before relaxing)
 .debug_str     0x00000000000032e6       0xed ./Src/GPIO_Prog.o
                                       0x33e0 (size before relaxing)
 .debug_str     0x00000000000033d3      0x127 ./Src/RCC_Prog.o
                                       0x317d (size before relaxing)
 .debug_str     0x00000000000034fa     0x4af7 ./Src/Rte_SWC_DoorAlgo.o
                                       0x7aaa (size before relaxing)
 .debug_str     0x0000000000007ff1      0x28d ./Src/Rte_SWC_DoorSensorAbstraction.o
                                       0x7a38 (size before relaxing)
 .debug_str     0x000000000000827e       0x4d ./Src/SWC_DoorAlgo.o
                                       0x44ef (size before relaxing)
 .debug_str     0x00000000000082cb       0x43 ./Src/SWC_DoorSensorAbstraction.o
                                       0x4850 (size before relaxing)
 .debug_str     0x000000000000830e     0x5262 ./Src/heap_4.o
                                       0xc321 (size before relaxing)
 .debug_str     0x000000000000d570      0x119 ./Src/list.o
                                       0xae88 (size before relaxing)
 .debug_str     0x000000000000d689      0xe04 ./Src/main.o
                                       0xa1bb (size before relaxing)
 .debug_str     0x000000000000e48d      0x647 ./Src/port.o
                                       0x944a (size before relaxing)
 .debug_str     0x000000000000ead4     0x18a7 ./Src/tasks.o
                                       0xdbb7 (size before relaxing)
 .debug_str     0x000000000001037b       0x2f ./Startup/startup_stm32f103c8tx.o
                                         0x45 (size before relaxing)

.debug_frame    0x0000000000000000      0xdb4
 .debug_frame   0x0000000000000000       0x58 ./Src/AUTOSAR_MCAL.o
 .debug_frame   0x0000000000000058       0xd8 ./Src/GPIO_Prog.o
 .debug_frame   0x0000000000000130       0x88 ./Src/RCC_Prog.o
 .debug_frame   0x00000000000001b8       0x54 ./Src/Rte_SWC_DoorAlgo.o
 .debug_frame   0x000000000000020c       0x58 ./Src/Rte_SWC_DoorSensorAbstraction.o
 .debug_frame   0x0000000000000264       0x34 ./Src/SWC_DoorAlgo.o
 .debug_frame   0x0000000000000298       0x58 ./Src/SWC_DoorSensorAbstraction.o
 .debug_frame   0x00000000000002f0      0x12c ./Src/heap_4.o
 .debug_frame   0x000000000000041c       0xd8 ./Src/list.o
 .debug_frame   0x00000000000004f4       0x70 ./Src/main.o
 .debug_frame   0x0000000000000564      0x160 ./Src/port.o
 .debug_frame   0x00000000000006c4      0x6a4 ./Src/tasks.o
 .debug_frame   0x0000000000000d68       0x20 C:/ST/STM32CubeIDE_1.13.1/STM32CubeIDE/plugins/com.st.stm32cube.ide.mcu.externaltools.gnu-tools-for-stm32.11.3.rel1.win32_1.1.0.202305231506/tools/bin/../lib/gcc/arm-none-eabi/11.3.1/../../../../arm-none-eabi/lib/thumb/v7-m/nofp\libc_nano.a(libc_a-memset.o)
 .debug_frame   0x0000000000000d88       0x2c C:/ST/STM32CubeIDE_1.13.1/STM32CubeIDE/plugins/com.st.stm32cube.ide.mcu.externaltools.gnu-tools-for-stm32.11.3.rel1.win32_1.1.0.202305231506/tools/bin/../lib/gcc/arm-none-eabi/11.3.1/../../../../arm-none-eabi/lib/thumb/v7-m/nofp\libc_nano.a(libc_a-init.o)

.debug_line_str
                0x0000000000000000       0x39
 .debug_line_str
                0x0000000000000000       0x39 ./Startup/startup_stm32f103c8tx.o
                                         0x51 (size before relaxing)
